[0;32mI (13) boot: ESP-IDF v5.2.3 2nd stage bootloader[0m
[0;32mI (13) boot: compile time Jan  3 2025 23:59:22[0m
[0;32mI (13) boot: Multicore bootloader[0m
[0;32mI (16) boot: chip revision: v1.1[0m
[0;32mI (20) boot.esp32: SPI Speed      : 40MHz[0m
[0;32mI (25) boot.esp32: SPI Mode       : DIO[0m
[0;32mI (29) boot.esp32: SPI Flash Size : 2MB[0m
[0;32mI (34) boot: Enabling RNG early entropy source...[0m
[0;32mI (39) boot: Partition Table:[0m
[0;32mI (43) boot: ## Label            Usage          Type ST Offset   Length[0m
[0;32mI (50) boot:  0 nvs              WiFi data        01 02 00009000 00006000[0m
[0;32mI (58) boot:  1 phy_init         RF data          01 01 0000f000 00001000[0m
[0;32mI (65) boot:  2 factory          factory app      00 00 00010000 00100000[0m
[0;32mI (73) boot: End of partition table[0m
[0;32mI (77) esp_image: segment 0: paddr=00010020 vaddr=3f400020 size=12c64h ( 76900) map[0m
[0;32mI (112) esp_image: segment 1: paddr=00022c8c vaddr=3ffb0000 size=02444h (  9284) load[0m
[0;32mI (115) esp_image: segment 2: paddr=000250d8 vaddr=40080000 size=0af40h ( 44864) load[0m
[0;32mI (135) esp_image: segment 3: paddr=00030020 vaddr=400d0020 size=40c54h (265300) map[0m
[0;32mI (226) esp_image: segment 4: paddr=00070c7c vaddr=4008af40 size=03cb0h ( 15536) load[0m
[0;32mI (240) boot: Loaded app from partition at offset 0x10000[0m
[0;32mI (240) boot: Disabling RNG early entropy source...[0m
[0;32mI (252) cpu_start: Multicore app[0m
[0;32mI (261) cpu_start: Pro cpu start user code[0m
[0;32mI (261) cpu_start: cpu freq: 160000000 Hz[0m
[0;32mI (261) cpu_start: Application information:[0m
[0;32mI (264) cpu_start: Project name:     desktopscreen[0m
[0;32mI (269) cpu_start: App version:      e0787dc-dirty[0m
[0;32mI (275) cpu_start: Compile time:     Jan  9 2025 22:05:50[0m
[0;32mI (281) cpu_start: ELF file SHA256:  d38c85ae8...[0m
[0;32mI (286) cpu_start: ESP-IDF:          v5.2.3[0m
[0;32mI (291) cpu_start: Min chip rev:     v0.0[0m
[0;32mI (296) cpu_start: Max chip rev:     v3.99 [0m
[0;32mI (301) cpu_start: Chip rev:         v1.1[0m
[0;32mI (306) heap_init: Initializing. RAM available for dynamic allocation:[0m
[0;32mI (313) heap_init: At 3FFAE6E0 len 00001920 (6 KiB): DRAM[0m
[0;32mI (319) heap_init: At 3FFBB1F0 len 00024E10 (147 KiB): DRAM[0m
[0;32mI (325) heap_init: At 3FFE0440 len 00003AE0 (14 KiB): D/IRAM[0m
[0;32mI (331) heap_init: At 3FFE4350 len 0001BCB0 (111 KiB): D/IRAM[0m
[0;32mI (338) heap_init: At 4008EBF0 len 00011410 (69 KiB): IRAM[0m
[0;32mI (345) spi_flash: detected chip: generic[0m
[0;32mI (348) spi_flash: flash io: dio[0m
[0;33mW (352) spi_flash: Detected size(4096k) larger than the size in the binary image header(2048k). Using the size in the binary image header.[0m
[0;32mI (366) main_task: Started on CPU0[0m
[0;32mI (376) main_task: Calling app_main()[0m
[0;32mI (376) gpio: GPIO[27]| InputEn: 0| OutputEn: 1| OpenDrain: 0| Pullup: 0| Pulldown: 0| Intr:0 [0m
[0;32mI (376) gpio: GPIO[14]| InputEn: 0| OutputEn: 1| OpenDrain: 0| Pullup: 0| Pulldown: 0| Intr:0 [0m
[0;32mI (386) gpio: GPIO[12]| InputEn: 0| OutputEn: 1| OpenDrain: 0| Pullup: 0| Pulldown: 0| Intr:0 [0m
[0;32mI (396) gpio: GPIO[13]| InputEn: 1| OutputEn: 0| OpenDrain: 0| Pullup: 1| Pulldown: 0| Intr:2 [0m
[0;32mI (406) gpio: GPIO[14]| InputEn: 0| OutputEn: 1| OpenDrain: 0| Pullup: 0| Pulldown: 0| Intr:0 [0m
[0;31mE (416) lcd_panel: esp_lcd_panel_reset(15): invalid panel handle[0m
ESP_ERROR_CHECK failed: esp_err_t 0x102 (ESP_ERR_INVALID_ARG) at 0x400d6569
file: "/IDF/desktopscreen/main/src/ds_spi.c" line 176
func: epd_init
expression: esp_lcd_panel_reset(panel_handle)

abort() was called at PC 0x40086b47 on core 0


Backtrace: 0x40081812:0x3ffbd330 0x40086b51:0x3ffbd350 0x4008d535:0x3ffbd370 0x40086b47:0x3ffbd3e0 0x400d6569:0x3ffbd410 0x400d63fe:0x3ffbd480 0x4011040b:0x3ffbd4f0 0x400875e5:0x3ffbd520




ELF file SHA256: d38c85ae8

Rebooting...
[0;32mI (13) boot: ESP-IDF v5.2.3 2nd stage bootloader[0m
[0;32mI (13) boot: compile time Jan  3 2025 23:59:22[0m
[0;32mI (13) boot: Multicore bootloader[0m
[0;32mI (16) boot: chip revision: v1.1[0m
[0;32mI (20) boot.esp32: SPI Speed      : 40MHz[0m
[0;32mI (24) boot.esp32: SPI Mode       : DIO[0m
[0;32mI (29) boot.esp32: SPI Flash Size : 2MB[0m
[0;32mI (33) boot: Enabling RNG early entropy source...[0m
[0;32mI (39) boot: Partition Table:[0m
[0;32mI (42) boot: ## Label            Usage          Type ST Offset   Length[0m
[0;32mI (50) boot:  0 nvs              WiFi data        01 02 00009000 00006000[0m
[0;32mI (57) boot:  1 phy_init         RF data          01 01 0000f000 00001000[0m
[0;32mI (65) boot:  2 factory          factory app      00 00 00010000 00100000[0m
[0;32mI (72) boot: End of partition table[0m
[0;32mI (76) esp_image: segment 0: paddr=00010020 vaddr=3f400020 size=12c64h ( 76900) map[0m
[0;32mI (111) esp_image: segment 1: paddr=00022c8c vaddr=3ffb0000 size=02444h (  9284) load[0m
[0;32mI (115) esp_image: segment 2: paddr=000250d8 vaddr=40080000 size=0af40h ( 44864) load[0m
[0;32mI (135) esp_image: segment 3: paddr=00030020 vaddr=400d0020 size=40c54h (265300) map[0m
[0;32mI (226) esp_image: segment 4: paddr=00070c7c vaddr=4008af40 size=03cb0h ( 15536) load[0m
[0;32mI (239) boot: Loaded app from partition at offset 0x10000[0m
[0;32mI (240) boot: Disabling RNG early entropy source...[0m
[0;32mI (251) cpu_start: Multicore app[0m
[0;32mI (260) cpu_start: Pro cpu start user code[0m
[0;32mI (260) cpu_start: cpu freq: 160000000 Hz[0m
[0;32mI (260) cpu_start: Application information:[0m
[0;32mI (263) cpu_start: Project name:     desktopscreen[0m
[0;32mI (269) cpu_start: App version:      e0787dc-dirty[0m
[0;32mI (274) cpu_start: Compile time:     Jan  9 2025 22:05:50[0m
[0;32mI (280) cpu_start: ELF file SHA256:  d38c85ae8...[0m
[0;32mI (286) cpu_start: ESP-IDF:          v5.2.3[0m
[0;32mI (291) cpu_start: Min chip rev:     v0.0[0m
[0;32mI (295) cpu_start: Max chip rev:     v3.99 [0m
[0;32mI (300) cpu_start: Chip rev:         v1.1[0m
[0;32mI (305) heap_init: Initializing. RAM available for dynamic allocation:[0m
[0;32mI (312) heap_init: At 3FFAE6E0 len 00001920 (6 KiB): DRAM[0m
[0;32mI (318) heap_init: At 3FFBB1F0 len 00024E10 (147 KiB): DRAM[0m
[0;32mI (324) heap_init: At 3FFE0440 len 00003AE0 (14 KiB): D/IRAM[0m
[0;32mI (331) heap_init: At 3FFE4350 len 0001BCB0 (111 KiB): D/IRAM[0m
[0;32mI (337) heap_init: At 4008EBF0 len 00011410 (69 KiB): IRAM[0m
[0;32mI (345) spi_flash: detected chip: generic[0m
[0;32mI (348) spi_flash: flash io: dio[0m
[0;33mW (352) spi_flash: Detected size(4096k) larger than the size in the binary image header(2048k). Using the size in the binary image header.[0m
[0;32mI (366) main_task: Started on CPU0[0m
[0;32mI (376) main_task: Calling app_main()[0m
[0;32mI (376) gpio: GPIO[27]| InputEn: 0| OutputEn: 1| OpenDrain: 0| Pullup: 0| Pulldown: 0| Intr:0 [0m
[0;32mI (376) gpio: GPIO[14]| InputEn: 0| OutputEn: 1| OpenDrain: 0| Pullup: 0| Pulldown: 0| Intr:0 [0m
[0;32mI (386) gpio: GPIO[12]| InputEn: 0| OutputEn: 1| OpenDrain: 0| Pullup: 0| Pulldown: 0| Intr:0 [0m
[0;32mI (396) gpio: GPIO[13]| InputEn: 1| OutputEn: 0| OpenDrain: 0| Pullup: 1| Pulldown: 0| Intr:2 [0m
[0;32mI (406) gpio: GPIO[14]| InputEn: 0| OutputEn: 1| OpenDrain: 0| Pullup: 0| Pulldown: 0| Intr:0 [0m
[0;31mE (416) lcd_panel: esp_lcd_panel_reset(15): invalid panel handle[0m
ESP_ERROR_CHECK failed: esp_err_t 0x102 (ESP_ERR_INVALID_ARG) at 0x400d6569
file: "/IDF/desktopscreen/main/src/ds_spi.c" line 176
func: epd_init
expression: esp_lcd_panel_reset(panel_handle)

abort() was called at PC 0x40086b47 on core 0


Backtrace: 0x40081812:0x3ffbd330 0x40086b51:0x3ffbd350 0x4008d535:0x3ffbd370 0x40086b47:0x3ffbd3e0 0x400d6569:0x3ffbd410 0x400d63fe:0x3ffbd480 0x4011040b:0x3ffbd4f0 0x400875e5:0x3ffbd520




ELF file SHA256: d38c85ae8

Rebooting...
[0;32mI (13) boot: ESP-IDF v5.2.3 2nd stage bootloader[0m
[0;32mI (13) boot: compile time Jan  3 2025 23:59:22[0m
[0;32mI (13) boot: Multicore bootloader[0m
[0;32mI (16) boot: chip revision: v1.1[0m
[0;32mI (20) boot.esp32: SPI Speed      : 40MHz[0m
[0;32mI (24) boot.esp32: SPI Mode       : DIO[0m
[0;32mI (29) boot.esp32: SPI Flash Size : 2MB[0m
[0;32mI (33) boot: Enabling RNG early entropy source...[0m
[0;32mI (39) boot: Partition Table:[0m
[0;32mI (42) boot: ## Label            Usage          Type ST Offset   Length[0m
[0;32mI (50) boot:  0 nvs              WiFi data        01 02 00009000 00006000[0m
[0;32mI (57) boot:  1 phy_init         RF data          01 01 0000f000 00001000[0m
[0;32mI (65) boot:  2 factory          factory app      00 00 00010000 00100000[0m
[0;32mI (72) boot: End of partition table[0m
[0;32mI (76) esp_image: segment 0: paddr=00010020 vaddr=3f400020 size=12c64h ( 76900) map[0m
[0;32mI (111) esp_image: segment 1: paddr=00022c8c vaddr=3ffb0000 size=02444h (  9284) load[0m
[0;32mI (115) esp_image: segment 2: paddr=000250d8 vaddr=40080000 size=0af40h ( 44864) load[0m
[0;32mI (135) esp_image: segment 3: paddr=00030020 vaddr=400d0020 size=40c54h (265300) map[0m
[0;32mI (226) esp_image: segment 4: paddr=00070c7c vaddr=4008af40 size=03cb0h ( 15536) load[0m
[0;32mI (239) boot: Loaded app from partition at offset 0x10000[0m
[0;32mI (240) boot: Disabling RNG early entropy source...[0m
[0;32mI (251) cpu_start: Multicore app[0m
[0;32mI (260) cpu_start: Pro cpu start user code[0m
[0;32mI (260) cpu_start: cpu freq: 160000000 Hz[0m
[0;32mI (260) cpu_start: Application information:[0m
[0;32mI (263) cpu_start: Project name:     desktopscreen[0m
[0;32mI (269) cpu_start: App version:      e0787dc-dirty[0m
[0;32mI (274) cpu_start: Compile time:     Jan  9 2025 22:05:50[0m
[0;32mI (280) cpu_start: ELF file SHA256:  d38c85ae8...[0m
[0;32mI (286) cpu_start: ESP-IDF:          v5.2.3[0m
[0;32mI (291) cpu_start: Min chip rev:     v0.0[0m
[0;32mI (295) cpu_start: Max chip rev:     v3.99 [0m
[0;32mI (300) cpu_start: Chip rev:         v1.1[0m
[0;32mI (305) heap_init: Initializing. RAM available for dynamic allocation:[0m
[0;32mI (312) heap_init: At 3FFAE6E0 len 00001920 (6 KiB): DRAM[0m
[0;32mI (318) heap_init: At 3FFBB1F0 len 00024E10 (147 KiB): DRAM[0m
[0;32mI (324) heap_init: At 3FFE0440 len 00003AE0 (14 KiB): D/IRAM[0m
[0;32mI (331) heap_init: At 3FFE4350 len 0001BCB0 (111 KiB): D/IRAM[0m
[0;32mI (337) heap_init: At 4008EBF0 len 00011410 (69 KiB): IRAM[0m
[0;32mI (345) spi_flash: detected chip: generic[0m
[0;32mI (348) spi_flash: flash io: dio[0m
[0;33mW (352) spi_flash: Detected size(4096k) larger than the size in the binary image header(2048k). Using the size in the binary image header.[0m
[0;32mI (366) main_task: Started on CPU0[0m
[0;32mI (376) main_task: Calling app_main()[0m
[0;32mI (376) gpio: GPIO[27]| InputEn: 0| OutputEn: 1| OpenDrain: 0| Pullup: 0| Pulldown: 0| Intr:0 [0m
[0;32mI (376) gpio: GPIO[14]| InputEn: 0| OutputEn: 1| OpenDrain: 0| Pullup: 0| Pulldown: 0| Intr:0 [0m
[0;32mI (386) gpio: GPIO[12]| InputEn: 0| OutputEn: 1| OpenDrain: 0| Pullup: 0| Pulldown: 0| Intr:0 [0m
[0;32mI (396) gpio: GPIO[13]| InputEn: 1| OutputEn: 0| OpenDrain: 0| Pullup: 1| Pulldown: 0| Intr:2 [0m
[0;32mI (406) gpio: GPIO[14]| InputEn: 0| OutputEn: 1| OpenDrain: 0| Pullup: 0| Pulldown: 0| Intr:0 [0m
[0;31mE (416) lcd_panel: esp_lcd_panel_reset(15): invalid panel handle[0m
ESP_ERROR_CHECK failed: esp_err_t 0x102 (ESP_ERR_INVALID_ARG) at 0x400d6569
file: "/IDF/desktopscreen/main/src/ds_spi.c" line 176
func: epd_init
expression: esp_lcd_panel_reset(panel_handle)

abort() was called at PC 0x40086b47 on core 0


Backtrace: 0x40081812:0x3ffbd330 0x40086b51:0x3ffbd350 0x4008d535:0x3ffbd370 0x40086b47:0x3ffbd3e0 0x400d6569:0x3ffbd410 0x400d63fe:0x3ffbd480 0x4011040b:0x3ffbd4f0 0x400875e5:0x3ffbd520




ELF file SHA256: d38c85ae8

Rebooting...
[0;32mI (13) boot: ESP-IDF v5.2.3 2nd stage bootloader[0m
[0;32mI (13) boot: compile time Jan  3 2025 23:59:22[0m
[0;32mI (13) boot: Multicore bootloader[0m
[0;32mI (16) boot: chip revision: v1.1[0m
[0;32mI (20) boot.esp32: SPI Speed      : 40MHz[0m
[0;32mI (24) boot.esp32: SPI Mode       : DIO[0m
[0;32mI (29) boot.esp32: SPI Flash Size : 2MB[0m
[0;32mI (33) boot: Enabling RNG early entropy source...[0m
[0;32mI (39) boot: Partition Table:[0m
[0;32mI (42) boot: ## Label            Usage          Type ST Offset   Length[0m
[0;32mI (50) boot:  0 nvs              WiFi data        01 02 00009000 00006000[0m
[0;32mI (57) boot:  1 phy_init         RF data          01 01 0000f000 00001000[0m
[0;32mI (65) boot:  2 factory          factory app      00 00 00010000 00100000[0m
[0;32mI (72) boot: End of partition table[0m
[0;32mI (76) esp_image: segment 0: paddr=00010020 vaddr=3f400020 size=12c64h ( 76900) map[0m
[0;32mI (111) esp_image: segment 1: paddr=00022c8c vaddr=3ffb0000 size=02444h (  9284) load[0m
[0;32mI (115) esp_image: segment 2: paddr=000250d8 vaddr=40080000 size=0af40h ( 44864) load[0m
[0;32mI (135) esp_image: segment 3: paddr=00030020 vaddr=400d0020 size=40c54h (265300) map[0m
[0;32mI (226) esp_image: segment 4: paddr=00070c7c vaddr=4008af40 size=03cb0h ( 15536) load[0m
[0;32mI (239) boot: Loaded app from partition at offset 0x10000[0m
[0;32mI (240) boot: Disabling RNG early entropy source...[0m
[0;32mI (251) cpu_start: Multicore app[0m
[0;32mI (260) cpu_start: Pro cpu start user code[0m
[0;32mI (260) cpu_start: cpu freq: 160000000 Hz[0m
[0;32mI (260) cpu_start: Application information:[0m
[0;32mI (263) cpu_start: Project name:     desktopscreen[0m
[0;32mI (269) cpu_start: App version:      e0787dc-dirty[0m
[0;32mI (274) cpu_start: Compile time:     Jan  9 2025 22:05:50[0m
[0;32mI (280) cpu_start: ELF file SHA256:  d38c85ae8...[0m
[0;32mI (286) cpu_start: ESP-IDF:          v5.2.3[0m
[0;32mI (291) cpu_start: Min chip rev:     v0.0[0m
[0;32mI (295) cpu_start: Max chip rev:     v3.99 [0m
[0;32mI (300) cpu_start: Chip rev:         v1.1[0m
[0;32mI (305) heap_init: Initializing. RAM available for dynamic allocation:[0m
[0;32mI (312) heap_init: At 3FFAE6E0 len 00001920 (6 KiB): DRAM[0m
[0;32mI (318) heap_init: At 3FFBB1F0 len 00024E10 (147 KiB): DRAM[0m
[0;32mI (324) heap_init: At 3FFE0440 len 00003AE0 (14 KiB): D/IRAM[0m
[0;32mI (331) heap_init: At 3FFE4350 len 0001BCB0 (111 KiB): D/IRAM[0m
[0;32mI (337) heap_init: At 4008EBF0 len 00011410 (69 KiB): IRAM[0m
[0;32mI (345) spi_flash: detected chip: generic[0m
[0;32mI (348) spi_flash: flash io: dio[0m
[0;33mW (352) spi_flash: Detected size(4096k) larger than the size in the binary image header(2048k). Using the size in the binary image header.[0m
[0;32mI (366) main_task: Started on CPU0[0m
[0;32mI (376) main_task: Calling app_main()[0m
[0;32mI (376) gpio: GPIO[27]| InputEn: 0| OutputEn: 1| OpenDrain: 0| Pullup: 0| Pulldown: 0| Intr:0 [0m
[0;32mI (376) gpio: GPIO[14]| InputEn: 0| OutputEn: 1| OpenDrain: 0| Pullup: 0| Pulldown: 0| Intr:0 [0m
[0;32mI (386) gpio: GPIO[12]| InputEn: 0| OutputEn: 1| OpenDrain: 0| Pullup: 0| Pulldown: 0| Intr:0 [0m
[0;32mI (396) gpio: GPIO[13]| InputEn: 1| OutputEn: 0| OpenDrain: 0| Pullup: 1| Pulldown: 0| Intr:2 [0m
[0;32mI (406) gpio: GPIO[14]| InputEn: 0| OutputEn: 1| OpenDrain: 0| Pullup: 0| Pulldown: 0| Intr:0 [0m
[0;31mE (416) lcd_panel: esp_lcd_panel_reset(15): invalid panel handle[0m
ESP_ERROR_CHECK failed: esp_err_t 0x102 (ESP_ERR_INVALID_ARG) at 0x400d6569
file: "/IDF/desktopscreen/main/src/ds_spi.c" line 176
func: epd_init
expression: esp_lcd_panel_reset(panel_handle)

abort() was called at PC 0x40086b47 on core 0


Backtrace: 0x40081812:0x3ffbd330 0x40086b51:0x3ffbd350 0x4008d535:0x3ffbd370 0x40086b47:0x3ffbd3e0 0x400d6569:0x3ffbd410 0x400d63fe:0x3ffbd480 0x4011040b:0x3ffbd4f0 0x400875e5:0x3ffbd520




ELF file SHA256: d38c85ae8

Rebooting...
[0;32mI (13) boot: ESP-IDF v5.2.3 2nd stage bootloader[0m
[0;32mI (13) boot: compile time Jan  3 2025 23:59:22[0m
[0;32mI (13) boot: Multicore bootloader[0m
[0;32mI (16) boot: chip revision: v1.1[0m
[0;32mI (20) boot.esp32: SPI Speed      : 40MHz[0m
[0;32mI (24) boot.esp32: SPI Mode       : DIO[0m
[0;32mI (29) boot.esp32: SPI Flash Size : 2MB[0m
[0;32mI (33) boot: Enabling RNG early entropy source...[0m
[0;32mI (39) boot: Partition Table:[0m
[0;32mI (42) boot: ## Label            Usage          Type ST Offset   Length[0m
[0;32mI (50) boot:  0 nvs              WiFi data        01 02 00009000 00006000[0m
[0;32mI (57) boot:  1 phy_init         RF data          01 01 0000f000 00001000[0m
[0;32mI (65) boot:  2 factory          factory app      00 00 00010000 00100000[0m
[0;32mI (72) boot: End of partition table[0m
[0;32mI (76) esp_image: segment 0: paddr=00010020 vaddr=3f400020 size=12c64h ( 76900) map[0m
[0;32mI (111) esp_image: segment 1: paddr=00022c8c vaddr=3ffb0000 size=02444h (  9284) load[0m
[0;32mI (115) esp_image: segment 2: paddr=000250d8 vaddr=40080000 size=0af40h ( 44864) load[0m
[0;32mI (135) esp_image: segment 3: paddr=00030020 vaddr=400d0020 size=40c54h (265300) map[0m
[0;32mI (226) esp_image: segment 4: paddr=00070c7c vaddr=4008af40 size=03cb0h ( 15536) load[0m
[0;32mI (239) boot: Loaded app from partition at offset 0x10000[0m
[0;32mI (240) boot: Disabling RNG early entropy source...[0m
[0;32mI (251) cpu_start: Multicore app[0m
[0;32mI (260) cpu_start: Pro cpu start user code[0m
[0;32mI (260) cpu_start: cpu freq: 160000000 Hz[0m
[0;32mI (260) cpu_start: Application information:[0m
[0;32mI (263) cpu_start: Project name:     desktopscreen[0m
[0;32mI (269) cpu_start: App version:      e0787dc-dirty[0m
[0;32mI (274) cpu_start: Compile time:     Jan  9 2025 22:05:50[0m
[0;32mI (280) cpu_start: ELF file SHA256:  d38c85ae8...[0m
[0;32mI (286) cpu_start: ESP-IDF:          v5.2.3[0m
[0;32mI (291) cpu_start: Min chip rev:     v0.0[0m
[0;32mI (295) cpu_start: Max chip rev:     v3.99 [0m
[0;32mI (300) cpu_start: Chip rev:         v1.1[0m
[0;32mI (305) heap_init: Initializing. RAM available for dynamic allocation:[0m
[0;32mI (312) heap_init: At 3FFAE6E0 len 00001920 (6 KiB): DRAM[0m
[0;32mI (318) heap_init: At 3FFBB1F0 len 00024E10 (147 KiB): DRAM[0m
[0;32mI (324) heap_init: At 3FFE0440 len 00003AE0 (14 KiB): D/IRAM[0m
[0;32mI (331) heap_init: At 3FFE4350 len 0001BCB0 (111 KiB): D/IRAM[0m
[0;32mI (337) heap_init: At 4008EBF0 len 00011410 (69 KiB): IRAM[0m
[0;32mI (345) spi_flash: detected chip: generic[0m
[0;32mI (348) spi_flash: flash io: dio[0m
[0;33mW (352) spi_flash: Detected size(4096k) larger than the size in the binary image header(2048k). Using the size in the binary image header.[0m
[0;32mI (366) main_task: Started on CPU0[0m
[0;32mI (376) main_task: Calling app_main()[0m
[0;32mI (376) gpio: GPIO[27]| InputEn: 0| OutputEn: 1| OpenDrain: 0| Pullup: 0| Pulldown: 0| Intr:0 [0m
[0;32mI (376) gpio: GPIO[14]| InputEn: 0| OutputEn: 1| OpenDrain: 0| Pullup: 0| Pulldown: 0| Intr:0 [0m
[0;32mI (386) gpio: GPIO[12]| InputEn: 0| OutputEn: 1| OpenDrain: 0| Pullup: 0| Pulldown: 0| Intr:0 [0m
[0;32mI (396) gpio: GPIO[13]| InputEn: 1| OutputEn: 0| OpenDrain: 0| Pullup: 1| Pulldown: 0| Intr:2 [0m
[0;32mI (406) gpio: GPIO[14]| InputEn: 0| OutputEn: 1| OpenDrain: 0| Pullup: 0| Pulldown: 0| Intr:0 [0m
[0;31mE (416) lcd_panel: esp_lcd_panel_reset(15): invalid panel handle[0m
ESP_ERROR_CHECK failed: esp_err_t 0x102 (ESP_ERR_INVALID_ARG) at 0x400d6569
file: "/IDF/desktopscreen/main/src/ds_spi.c" line 176
func: epd_init
expression: esp_lcd_panel_reset(panel_handle)

abort() was called at PC 0x40086b47 on core 0


Backtrace: 0x40081812:0x3ffbd330 0x40086b51:0x3ffbd350 0x4008d535:0x3ffbd370 0x40086b47:0x3ffbd3e0 0x400d6569:0x3ffbd410 0x400d63fe:0x3ffbd480 0x4011040b:0x3ffbd4f0 0x400875e5:0x3ffbd520




ELF file SHA256: d38c85ae8

Rebooting...
[0;32mI (13) boot: ESP-IDF v5.2.3 2nd stage bootloader[0m
[0;32mI (13) boot: compile time Jan  3 2025 23:59:22[0m
[0;32mI (13) boot: Multicore bootloader[0m
[0;32mI (16) boot: chip revision: v1.1[0m
[0;32mI (20) boot.esp32: SPI Speed      : 40MHz[0m
[0;32mI (24) boot.esp32: SPI Mode       : DIO[0m
[0;32mI (29) boot.esp32: SPI Flash Size : 2MB[0m
[0;32mI (33) boot: Enabling RNG early entropy source...[0m
[0;32mI (39) boot: Partition Table:[0m
[0;32mI (42) boot: ## Label            Usage          Type ST Offset   Length[0m
[0;32mI (50) boot:  0 nvs              WiFi data        01 02 00009000 00006000[0m
[0;32mI (57) boot:  1 phy_init         RF data          01 01 0000f000 00001000[0m
[0;32mI (65) boot:  2 factory          factory app      00 00 00010000 00100000[0m
[0;32mI (72) boot: End of partition table[0m
[0;32mI (76) esp_image: segment 0: paddr=00010020 vaddr=3f400020 size=12c64h ( 76900) map[0m
[0;32mI (111) esp_image: segment 1: paddr=00022c8c vaddr=3ffb0000 size=02444h (  9284) load[0m
[0;32mI (115) esp_image: segment 2: paddr=000250d8 vaddr=40080000 size=0af40h ( 44864) load[0m
[0;32mI (135) esp_image: segment 3: paddr=00030020 vaddr=400d0020 size=40c54h (265300) map[0m
[0;32mI (226) esp_image: segment 4: paddr=00070c7c vaddr=4008af40 size=03cb0h ( 15536) load[0m
[0;32mI (239) boot: Loaded app from partition at offset 0x10000[0m
[0;32mI (240) boot: Disabling RNG early entropy source...[0m
[0;32mI (251) cpu_start: Multicore app[0m
[0;32mI (260) cpu_start: Pro cpu start user code[0m
[0;32mI (260) cpu_start: cpu freq: 160000000 Hz[0m
[0;32mI (260) cpu_start: Application information:[0m
[0;32mI (263) cpu_start: Project name:     desktopscreen[0m
[0;32mI (269) cpu_start: App version:      e0787dc-dirty[0m
[0;32mI (274) cpu_start: Compile time:     Jan  9 2025 22:05:50[0m
[0;32mI (280) cpu_start: ELF file SHA256:  d38c85ae8...[0m
[0;32mI (286) cpu_start: ESP-IDF:          v5.2.3[0m
[0;32mI (291) cpu_start: Min chip rev:     v0.0[0m
[0;32mI (295) cpu_start: Max chip rev:     v3.99 [0m
[0;32mI (300) cpu_start: Chip rev:         v1.1[0m
[0;32mI (305) heap_init: Initializing. RAM available for dynamic allocation:[0m
[0;32mI (312) heap_init: At 3FFAE6E0 len 00001920 (6 KiB): DRAM[0m
[0;32mI (318) heap_init: At 3FFBB1F0 len 00024E10 (147 KiB): DRAM[0m
[0;32mI (324) heap_init: At 3FFE0440 len 00003AE0 (14 KiB): D/IRAM[0m
[0;32mI (331) heap_init: At 3FFE4350 len 0001BCB0 (111 KiB): D/IRAM[0m
[0;32mI (337) heap_init: At 4008EBF0 len 00011410 (69 KiB): IRAM[0m
[0;32mI (345) spi_flash: detected chip: generic[0m
[0;32mI (348) spi_flash: flash io: dio[0m
[0;33mW (352) spi_flash: Detected size(4096k) larger than the size in the binary image header(2048k). Using the size in the binary image header.[0m
[0;32mI (366) main_task: Started on CPU0[0m
[0;32mI (376) main_task: Calling app_main()[0m
[0;32mI (376) gpio: GPIO[27]| InputEn: 0| OutputEn: 1| OpenDrain: 0| Pullup: 0| Pulldown: 0| Intr:0 [0m
[0;32mI (376) gpio: GPIO[14]| InputEn: 0| OutputEn: 1| OpenDrain: 0| Pullup: 0| Pulldown: 0| Intr:0 [0m
[0;32mI (386) gpio: GPIO[12]| InputEn: 0| OutputEn: 1| OpenDrain: 0| Pullup: 0| Pulldown: 0| Intr:0 [0m
[0;32mI (396) gpio: GPIO[13]| InputEn: 1| OutputEn: 0| OpenDrain: 0| Pullup: 1| Pulldown: 0| Intr:2 [0m
[0;32mI (406) gpio: GPIO[14]| InputEn: 0| OutputEn: 1| OpenDrain: 0| Pullup: 0| Pulldown: 0| Intr:0 [0m
[0;31mE (416) lcd_panel: esp_lcd_panel_reset(15): invalid panel handle[0m
ESP_ERROR_CHECK failed: esp_err_t 0x102 (ESP_ERR_INVALID_ARG) at 0x400d6569
file: "/IDF/desktopscreen/main/src/ds_spi.c" line 176
func: epd_init
expression: esp_lcd_panel_reset(panel_handle)

abort() was called at PC 0x40086b47 on core 0


Backtrace: 0x40081812:0x3ffbd330 0x40086b51:0x3ffbd350 0x4008d535:0x3ffbd370 0x40086b47:0x3ffbd3e0 0x400d6569:0x3ffbd410 0x400d63fe:0x3ffbd480 0x4011040b:0x3ffbd4f0 0x400875e5:0x3ffbd520




ELF file SHA256: d38c85ae8

Rebooting...
[0;32mI (13) boot: ESP-IDF v5.2.3 2nd stage bootloader[0m
[0;32mI (13) boot: compile time Jan  3 2025 23:59:22[0m
[0;32mI (13) boot: Multicore bootloader[0m
[0;32mI (16) boot: chip revision: v1.1[0m
[0;32mI (20) boot.esp32: SPI Speed      : 40MHz[0m
[0;32mI (24) boot.esp32: SPI Mode       : DIO[0m
[0;32mI (29) boot.esp32: SPI Flash Size : 2MB[0m
[0;32mI (33) boot: Enabling RNG early entropy source...[0m
[0;32mI (39) boot: Partition Table:[0m
[0;32mI (42) boot: ## Label            Usage          Type ST Offset   Length[0m
[0;32mI (50) boot:  0 nvs              WiFi data        01 02 00009000 00006000[0m
[0;32mI (57) boot:  1 phy_init         RF data          01 01 0000f000 00001000[0m
[0;32mI (65) boot:  2 factory          factory app      00 00 00010000 00100000[0m
[0;32mI (72) boot: End of partition table[0m
[0;32mI (76) esp_image: segment 0: paddr=00010020 vaddr=3f400020 size=12c64h ( 76900) map[0m
[0;32mI (111) esp_image: segment 1: paddr=00022c8c vaddr=3ffb0000 size=02444h (  9284) load[0m
[0;32mI (115) esp_image: segment 2: paddr=000250d8 vaddr=40080000 size=0af40h ( 44864) load[0m
[0;32mI (135) esp_image: segment 3: paddr=00030020 vaddr=400d0020 size=40c54h (265300) map[0m
[0;32mI (226) esp_image: segment 4: paddr=00070c7c vaddr=4008af40 size=03cb0h ( 15536) load[0m
[0;32mI (239) boot: Loaded app from partition at offset 0x10000[0m
[0;32mI (240) boot: Disabling RNG early entropy source...[0m
[0;32mI (251) cpu_start: Multicore app[0m
[0;32mI (260) cpu_start: Pro cpu start user code[0m
[0;32mI (260) cpu_start: cpu freq: 160000000 Hz[0m
[0;32mI (260) cpu_start: Application information:[0m
[0;32mI (263) cpu_start: Project name:     desktopscreen[0m
[0;32mI (269) cpu_start: App version:      e0787dc-dirty[0m
[0;32mI (274) cpu_start: Compile time:     Jan  9 2025 22:05:50[0m
[0;32mI (280) cpu_start: ELF file SHA256:  d38c85ae8...[0m
[0;32mI (286) cpu_start: ESP-IDF:          v5.2.3[0m
[0;32mI (291) cpu_start: Min chip rev:     v0.0[0m
[0;32mI (295) cpu_start: Max chip rev:     v3.99 [0m
[0;32mI (300) cpu_start: Chip rev:         v1.1[0m
[0;32mI (305) heap_init: Initializing. RAM available for dynamic allocation:[0m
[0;32mI (312) heap_init: At 3FFAE6E0 len 00001920 (6 KiB): DRAM[0m
[0;32mI (318) heap_init: At 3FFBB1F0 len 00024E10 (147 KiB): DRAM[0m
[0;32mI (324) heap_init: At 3FFE0440 len 00003AE0 (14 KiB): D/IRAM[0m
[0;32mI (331) heap_init: At 3FFE4350 len 0001BCB0 (111 KiB): D/IRAM[0m
[0;32mI (337) heap_init: At 4008EBF0 len 00011410 (69 KiB): IRAM[0m
[0;32mI (345) spi_flash: detected chip: generic[0m
[0;32mI (348) spi_flash: flash io: dio[0m
[0;33mW (352) spi_flash: Detected size(4096k) larger than the size in the binary image header(2048k). Using the size in the binary image header.[0m
[0;32mI (366) main_task: Started on CPU0[0m
[0;32mI (376) main_task: Calling app_main()[0m
[0;32mI (376) gpio: GPIO[27]| InputEn: 0| OutputEn: 1| OpenDrain: 0| Pullup: 0| Pulldown: 0| Intr:0 [0m
[0;32mI (376) gpio: GPIO[14]| InputEn: 0| OutputEn: 1| OpenDrain: 0| Pullup: 0| Pulldown: 0| Intr:0 [0m
[0;32mI (386) gpio: GPIO[12]| InputEn: 0| OutputEn: 1| OpenDrain: 0| Pullup: 0| Pulldown: 0| Intr:0 [0m
[0;32mI (396) gpio: GPIO[13]| InputEn: 1| OutputEn: 0| OpenDrain: 0| Pullup: 1| Pulldown: 0| Intr:2 [0m
[0;32mI (406) gpio: GPIO[14]| InputEn: 0| OutputEn: 1| OpenDrain: 0| Pullup: 0| Pulldown: 0| Intr:0 [0m
[0;31mE (416) lcd_panel: esp_lcd_panel_reset(15): invalid panel handle[0m
ESP_ERROR_CHECK failed: esp_err_t 0x102 (ESP_ERR_INVALID_ARG) at 0x400d6569
file: "/IDF/desktopscreen/main/src/ds_spi.c" line 176
func: epd_init
expression: esp_lcd_panel_reset(panel_handle)

abort() was called at PC 0x40086b47 on core 0


Backtrace: 0x40081812:0x3ffbd330 0x40086b51:0x3ffbd350 0x4008d535:0x3ffbd370 0x40086b47:0x3ffbd3e0 0x400d6569:0x3ffbd410 0x400d63fe:0x3ffbd480 0x4011040b:0x3ffbd4f0 0x400875e5:0x3ffbd520




ELF file SHA256: d38c85ae8

Rebooting...
[0;32mI (13) boot: ESP-IDF v5.2.3 2nd stage bootloader[0m
[0;32mI (13) boot: compile time Jan  3 2025 23:59:22[0m
[0;32mI (13) boot: Multicore bootloader[0m
[0;32mI (16) boot: chip revision: v1.1[0m
[0;32mI (20) boot.esp32: SPI Speed      : 40MHz[0m
[0;32mI (24) boot.esp32: SPI Mode       : DIO[0m
[0;32mI (29) boot.esp32: SPI Flash Size : 2MB[0m
[0;32mI (33) boot: Enabling RNG early entropy source...[0m
[0;32mI (39) boot: Partition Table:[0m
[0;32mI (42) boot: ## Label            Usage          Type ST Offset   Length[0m
[0;32mI (50) boot:  0 nvs              WiFi data        01 02 00009000 00006000[0m
[0;32mI (57) boot:  1 phy_init         RF data          01 01 0000f000 00001000[0m
[0;32mI (65) boot:  2 factory          factory app      00 00 00010000 00100000[0m
[0;32mI (72) boot: End of partition table[0m
[0;32mI (76) esp_image: segment 0: paddr=00010020 vaddr=3f400020 size=12c64h ( 76900) map[0m
[0;32mI (111) esp_image: segment 1: paddr=00022c8c vaddr=3ffb0000 size=02444h (  9284) load[0m
[0;32mI (115) esp_image: segment 2: paddr=000250d8 vaddr=40080000 size=0af40h ( 44864) load[0m
[0;32mI (135) esp_image: segment 3: paddr=00030020 vaddr=400d0020 size=40c54h (265300) map[0m
[0;32mI (226) esp_image: segment 4: paddr=00070c7c vaddr=4008af40 size=03cb0h ( 15536) load[0m
[0;32mI (239) boot: Loaded app from partition at offset 0x10000[0m
[0;32mI (240) boot: Disabling RNG early entropy source...[0m
[0;32mI (251) cpu_start: Multicore app[0m
[0;32mI (260) cpu_start: Pro cpu start user code[0m
[0;32mI (260) cpu_start: cpu freq: 160000000 Hz[0m
[0;32mI (260) cpu_start: Application information:[0m
[0;32mI (263) cpu_start: Project name:     desktopscreen[0m
[0;32mI (269) cpu_start: App version:      e0787dc-dirty[0m
[0;32mI (274) cpu_start: Compile time:     Jan  9 2025 22:05:50[0m
[0;32mI (280) cpu_start: ELF file SHA256:  d38c85ae8...[0m
[0;32mI (286) cpu_start: ESP-IDF:          v5.2.3[0m
[0;32mI (291) cpu_start: Min chip rev:     v0.0[0m
[0;32mI (295) cpu_start: Max chip rev:     v3.99 [0m
[0;32mI (300) cpu_start: Chip rev:         v1.1[0m
[0;32mI (305) heap_init: Initializing. RAM available for dynamic allocation:[0m
[0;32mI (312) heap_init: At 3FFAE6E0 len 00001920 (6 KiB): DRAM[0m
[0;32mI (318) heap_init: At 3FFBB1F0 len 00024E10 (147 KiB): DRAM[0m
[0;32mI (324) heap_init: At 3FFE0440 len 00003AE0 (14 KiB): D/IRAM[0m
[0;32mI (331) heap_init: At 3FFE4350 len 0001BCB0 (111 KiB): D/IRAM[0m
[0;32mI (337) heap_init: At 4008EBF0 len 00011410 (69 KiB): IRAM[0m
[0;32mI (345) spi_flash: detected chip: generic[0m
[0;32mI (348) spi_flash: flash io: dio[0m
[0;33mW (352) spi_flash: Detected size(4096k) larger than the size in the binary image header(2048k). Using the size in the binary image header.[0m
[0;32mI (366) main_task: Started on CPU0[0m
[0;32mI (376) main_task: Calling app_main()[0m
[0;32mI (376) gpio: GPIO[27]| InputEn: 0| OutputEn: 1| OpenDrain: 0| Pullup: 0| Pulldown: 0| Intr:0 [0m
[0;32mI (376) gpio: GPIO[14]| InputEn: 0| OutputEn: 1| OpenDrain: 0| Pullup: 0| Pulldown: 0| Intr:0 [0m
[0;32mI (386) gpio: GPIO[12]| InputEn: 0| OutputEn: 1| OpenDrain: 0| Pullup: 0| Pulldown: 0| Intr:0 [0m
[0;32mI (396) gpio: GPIO[13]| InputEn: 1| OutputEn: 0| OpenDrain: 0| Pullup: 1| Pulldown: 0| Intr:2 [0m
[0;32mI (406) gpio: GPIO[14]| InputEn: 0| OutputEn: 1| OpenDrain: 0| Pullup: 0| Pulldown: 0| Intr:0 [0m
[0;31mE (416) lcd_panel: esp_lcd_panel_reset(15): invalid panel handle[0m
ESP_ERROR_CHECK failed: esp_err_t 0x102 (ESP_ERR_INVALID_ARG) at 0x400d6569
file: "/IDF/desktopscreen/main/src/ds_spi.c" line 176
func: epd_init
expression: esp_lcd_panel_reset(panel_handle)

abort() was called at PC 0x40086b47 on core 0


Backtrace: 0x40081812:0x3ffbd330 0x40086b51:0x3ffbd350 0x4008d535:0x3ffbd370 0x40086b47:0x3ffbd3e0 0x400d6569:0x3ffbd410 0x400d63fe:0x3ffbd480 0x4011040b:0x3ffbd4f0 0x400875e5:0x3ffbd520




ELF file SHA256: d38c85ae8

Rebooting...
[0;32mI (13) boot: ESP-IDF v5.2.3 2nd stage bootloader[0m
[0;32mI (13) boot: compile time Jan  3 2025 23:59:22[0m
[0;32mI (13) boot: Multicore bootloader[0m
[0;32mI (16) boot: chip revision: v1.1[0m
[0;32mI (20) boot.esp32: SPI Speed      : 40MHz[0m
[0;32mI (24) boot.esp32: SPI Mode       : DIO[0m
[0;32mI (29) boot.esp32: SPI Flash Size : 2MB[0m
[0;32mI (33) boot: Enabling RNG early entropy source...[0m
[0;32mI (39) boot: Partition Table:[0m
[0;32mI (42) boot: ## Label            Usage          Type ST Offset   Length[0m
[0;32mI (50) boot:  0 nvs              WiFi data        01 02 00009000 00006000[0m
[0;32mI (57) boot:  1 phy_init         RF data          01 01 0000f000 00001000[0m
[0;32mI (65) boot:  2 factory          factory app      00 00 00010000 00100000[0m
[0;32mI (72) boot: End of partition table[0m
[0;32mI (76) esp_image: segment 0: paddr=00010020 vaddr=3f400020 size=12c64h ( 76900) map[0m
[0;32mI (111) esp_image: segment 1: paddr=00022c8c vaddr=3ffb0000 size=02444h (  9284) load[0m
[0;32mI (115) esp_image: segment 2: paddr=000250d8 vaddr=40080000 size=0af40h ( 44864) load[0m
[0;32mI (135) esp_image: segment 3: paddr=00030020 vaddr=400d0020 size=40c54h (265300) map[0m
[0;32mI (226) esp_image: segment 4: paddr=00070c7c vaddr=4008af40 size=03cb0h ( 15536) load[0m
[0;32mI (239) boot: Loaded app from partition at offset 0x10000[0m
[0;32mI (240) boot: Disabling RNG early entropy source...[0m
[0;32mI (251) cpu_start: Multicore app[0m
[0;32mI (260) cpu_start: Pro cpu start user code[0m
[0;32mI (260) cpu_start: cpu freq: 160000000 Hz[0m
[0;32mI (260) cpu_start: Application information:[0m
[0;32mI (263) cpu_start: Project name:     desktopscreen[0m
[0;32mI (269) cpu_start: App version:      e0787dc-dirty[0m
[0;32mI (274) cpu_start: Compile time:     Jan  9 2025 22:05:50[0m
[0;32mI (280) cpu_start: ELF file SHA256:  d38c85ae8...[0m
[0;32mI (286) cpu_start: ESP-IDF:          v5.2.3[0m
[0;32mI (291) cpu_start: Min chip rev:     v0.0[0m
[0;32mI (295) cpu_start: Max chip rev:     v3.99 [0m
[0;32mI (300) cpu_start: Chip rev:         v1.1[0m
[0;32mI (305) heap_init: Initializing. RAM available for dynamic allocation:[0m
[0;32mI (312) heap_init: At 3FFAE6E0 len 00001920 (6 KiB): DRAM[0m
[0;32mI (318) heap_init: At 3FFBB1F0 len 00024E10 (147 KiB): DRAM[0m
[0;32mI (324) heap_init: At 3FFE0440 len 00003AE0 (14 KiB): D/IRAM[0m
[0;32mI (331) heap_init: At 3FFE4350 len 0001BCB0 (111 KiB): D/IRAM[0m
[0;32mI (337) heap_init: At 4008EBF0 len 00011410 (69 KiB): IRAM[0m
[0;32mI (345) spi_flash: detected chip: generic[0m
[0;32mI (348) spi_flash: flash io: dio[0m
[0;33mW (352) spi_flash: Detected size(4096k) larger than the size in the binary image header(2048k). Using the size in the binary image header.[0m
[0;32mI (366) main_task: Started on CPU0[0m
[0;32mI (376) main_task: Calling app_main()[0m
[0;32mI (376) gpio: GPIO[27]| InputEn: 0| OutputEn: 1| OpenDrain: 0| Pullup: 0| Pulldown: 0| Intr:0 [0m
[0;32mI (376) gpio: GPIO[14]| InputEn: 0| OutputEn: 1| OpenDrain: 0| Pullup: 0| Pulldown: 0| Intr:0 [0m
[0;32mI (386) gpio: GPIO[12]| InputEn: 0| OutputEn: 1| OpenDrain: 0| Pullup: 0| Pulldown: 0| Intr:0 [0m
[0;32mI (396) gpio: GPIO[13]| InputEn: 1| OutputEn: 0| OpenDrain: 0| Pullup: 1| Pulldown: 0| Intr:2 [0m
[0;32mI (406) gpio: GPIO[14]| InputEn: 0| OutputEn: 1| OpenDrain: 0| Pullup: 0| Pulldown: 0| Intr:0 [0m
[0;31mE (416) lcd_panel: esp_lcd_panel_reset(15): invalid panel handle[0m
ESP_ERROR_CHECK failed: esp_err_t 0x102 (ESP_ERR_INVALID_ARG) at 0x400d6569
file: "/IDF/desktopscreen/main/src/ds_spi.c" line 176
func: epd_init
expression: esp_lcd_panel_reset(panel_handle)

abort() was called at PC 0x40086b47 on core 0


Backtrace: 0x40081812:0x3ffbd330 0x40086b51:0x3ffbd350 0x4008d535:0x3ffbd370 0x40086b47:0x3ffbd3e0 0x400d6569:0x3ffbd410 0x400d63fe:0x3ffbd480 0x4011040b:0x3ffbd4f0 0x400875e5:0x3ffbd520




ELF file SHA256: d38c85ae8

Rebooting...
[0;32mI (13) boot: ESP-IDF v5.2.3 2nd stage bootloader[0m
[0;32mI (13) boot: compile time Jan  3 2025 23:59:22[0m
[0;32mI (13) boot: Multicore bootloader[0m
[0;32mI (16) boot: chip revision: v1.1[0m
[0;32mI (20) boot.esp32: SPI Speed      : 40MHz[0m
[0;32mI (24) boot.esp32: SPI Mode       : DIO[0m
[0;32mI (29) boot.esp32: SPI Flash Size : 2MB[0m
[0;32mI (33) boot: Enabling RNG early entropy source...[0m
[0;32mI (39) boot: Partition Table:[0m
[0;32mI (42) boot: ## Label            Usage          Type ST Offset   Length[0m
[0;32mI (50) boot:  0 nvs              WiFi data        01 02 00009000 00006000[0m
[0;32mI (57) boot:  1 phy_init         RF data          01 01 0000f000 00001000[0m
[0;32mI (65) boot:  2 factory          factory app      00 00 00010000 00100000[0m
[0;32mI (72) boot: End of partition table[0m
[0;32mI (76) esp_image: segment 0: paddr=00010020 vaddr=3f400020 size=12c64h ( 76900) map[0m
[0;32mI (111) esp_image: segment 1: paddr=00022c8c vaddr=3ffb0000 size=02444h (  9284) load[0m
[0;32mI (115) esp_image: segment 2: paddr=000250d8 vaddr=40080000 size=0af40h ( 44864) load[0m
[0;32mI (135) esp_image: segment 3: paddr=00030020 vaddr=400d0020 size=40c54h (265300) map[0m
[0;32mI (226) esp_image: segment 4: paddr=00070c7c vaddr=4008af40 size=03cb0h ( 15536) load[0m
[0;32mI (239) boot: Loaded app from partition at offset 0x10000[0m
[0;32mI (240) boot: Disabling RNG early entropy source...[0m
[0;32mI (251) cpu_start: Multicore app[0m
[0;32mI (260) cpu_start: Pro cpu start user code[0m
[0;32mI (260) cpu_start: cpu freq: 160000000 Hz[0m
[0;32mI (260) cpu_start: Application information:[0m
[0;32mI (263) cpu_start: Project name:     desktopscreen[0m
[0;32mI (269) cpu_start: App version:      e0787dc-dirty[0m
[0;32mI (274) cpu_start: Compile time:     Jan  9 2025 22:05:50[0m
[0;32mI (280) cpu_start: ELF file SHA256:  d38c85ae8...[0m
[0;32mI (286) cpu_start: ESP-IDF:          v5.2.3[0m
[0;32mI (291) cpu_start: Min chip rev:     v0.0[0m
[0;32mI (295) cpu_start: Max chip rev:     v3.99 [0m
[0;32mI (300) cpu_start: Chip rev:         v1.1[0m
[0;32mI (305) heap_init: Initializing. RAM available for dynamic allocation:[0m
[0;32mI (312) heap_init: At 3FFAE6E0 len 00001920 (6 KiB): DRAM[0m
[0;32mI (318) heap_init: At 3FFBB1F0 len 00024E10 (147 KiB): DRAM[0m
[0;32mI (324) heap_init: At 3FFE0440 len 00003AE0 (14 KiB): D/IRAM[0m
[0;32mI (331) heap_init: At 3FFE4350 len 0001BCB0 (111 KiB): D/IRAM[0m
[0;32mI (337) heap_init: At 4008EBF0 len 00011410 (69 KiB): IRAM[0m
[0;32mI (345) spi_flash: detected chip: generic[0m
[0;32mI (348) spi_flash: flash io: dio[0m
[0;33mW (352) spi_flash: Detected size(4096k) larger than the size in the binary image header(2048k). Using the size in the binary image header.[0m
[0;32mI (366) main_task: Started on CPU0[0m
[0;32mI (376) main_task: Calling app_main()[0m
[0;32mI (376) gpio: GPIO[27]| InputEn: 0| OutputEn: 1| OpenDrain: 0| Pullup: 0| Pulldown: 0| Intr:0 [0m
[0;32mI (376) gpio: GPIO[14]| InputEn: 0| OutputEn: 1| OpenDrain: 0| Pullup: 0| Pulldown: 0| Intr:0 [0m
[0;32mI (386) gpio: GPIO[12]| InputEn: 0| OutputEn: 1| OpenDrain: 0| Pullup: 0| Pulldown: 0| Intr:0 [0m
[0;32mI (396) gpio: GPIO[13]| InputEn: 1| OutputEn: 0| OpenDrain: 0| Pullup: 1| Pulldown: 0| Intr:2 [0m
[0;32mI (406) gpio: GPIO[14]| InputEn: 0| OutputEn: 1| OpenDrain: 0| Pullup: 0| Pulldown: 0| Intr:0 [0m
[0;31mE (416) lcd_panel: esp_lcd_panel_reset(15): invalid panel handle[0m
ESP_ERROR_CHECK failed: esp_err_t 0x102 (ESP_ERR_INVALID_ARG) at 0x400d6569
file: "/IDF/desktopscreen/main/src/ds_spi.c" line 176
func: epd_init
expression: esp_lcd_panel_reset(panel_handle)

abort() was called at PC 0x40086b47 on core 0


Backtrace: 0x40081812:0x3ffbd330 0x40086b51:0x3ffbd350 0x4008d535:0x3ffbd370 0x40086b47:0x3ffbd3e0 0x400d6569:0x3ffbd410 0x400d63fe:0x3ffbd480 0x4011040b:0x3ffbd4f0 0x400875e5:0x3ffbd520




ELF file SHA256: d38c85ae8

Rebooting...
[0;32mI (13) boot: ESP-IDF v5.2.3 2nd stage bootloader[0m
[0;32mI (13) boot: compile time Jan  3 2025 23:59:22[0m
[0;32mI (13) boot: Multicore bootloader[0m
[0;32mI (16) boot: chip revision: v1.1[0m
[0;32mI (20) boot.esp32: SPI Speed      : 40MHz[0m
[0;32mI (24) boot.esp32: SPI Mode       : DIO[0m
[0;32mI (29) boot.esp32: SPI Flash Size : 2MB[0m
[0;32mI (33) boot: Enabling RNG early entropy source...[0m
[0;32mI (39) boot: Partition Table:[0m
[0;32mI (42) boot: ## Label            Usage          Type ST Offset   Length[0m
[0;32mI (50) boot:  0 nvs              WiFi data        01 02 00009000 00006000[0m
[0;32mI (57) boot:  1 phy_init         RF data          01 01 0000f000 00001000[0m
[0;32mI (65) boot:  2 factory          factory app      00 00 00010000 00100000[0m
[0;32mI (72) boot: End of partition table[0m
[0;32mI (76) esp_image: segment 0: paddr=00010020 vaddr=3f400020 size=12c64h ( 76900) map[0m
[0;32mI (111) esp_image: segment 1: paddr=00022c8c vaddr=3ffb0000 size=02444h (  9284) load[0m
[0;32mI (115) esp_image: segment 2: paddr=000250d8 vaddr=40080000 size=0af40h ( 44864) load[0m
[0;32mI (135) esp_image: segment 3: paddr=00030020 vaddr=400d0020 size=40c54h (265300) map[0m
[0;32mI (226) esp_image: segment 4: paddr=00070c7c vaddr=4008af40 size=03cb0h ( 15536) load[0m
[0;32mI (239) boot: Loaded app from partition at offset 0x10000[0m
[0;32mI (240) boot: Disabling RNG early entropy source...[0m
[0;32mI (251) cpu_start: Multicore app[0m
[0;32mI (260) cpu_start: Pro cpu start user code[0m
[0;32mI (260) cpu_start: cpu freq: 160000000 Hz[0m
[0;32mI (260) cpu_start: Application information:[0m
[0;32mI (263) cpu_start: Project name:     desktopscreen[0m
[0;32mI (269) cpu_start: App version:      e0787dc-dirty[0m
[0;32mI (274) cpu_start: Compile time:     Jan  9 2025 22:05:50[0m
[0;32mI (280) cpu_start: ELF file SHA256:  d38c85ae8...[0m
[0;32mI (286) cpu_start: ESP-IDF:          v5.2.3[0m
[0;32mI (291) cpu_start: Min chip rev:     v0.0[0m
[0;32mI (295) cpu_start: Max chip rev:     v3.99 [0m
[0;32mI (300) cpu_start: Chip rev:         v1.1[0m
[0;32mI (305) heap_init: Initializing. RAM available for dynamic allocation:[0m
[0;32mI (312) heap_init: At 3FFAE6E0 len 00001920 (6 KiB): DRAM[0m
[0;32mI (318) heap_init: At 3FFBB1F0 len 00024E10 (147 KiB): DRAM[0m
[0;32mI (324) heap_init: At 3FFE0440 len 00003AE0 (14 KiB): D/IRAM[0m
[0;32mI (331) heap_init: At 3FFE4350 len 0001BCB0 (111 KiB): D/IRAM[0m
[0;32mI (337) heap_init: At 4008EBF0 len 00011410 (69 KiB): IRAM[0m
[0;32mI (345) spi_flash: detected chip: generic[0m
[0;32mI (348) spi_flash: flash io: dio[0m
[0;33mW (352) spi_flash: Detected size(4096k) larger than the size in the binary image header(2048k). Using the size in the binary image header.[0m
[0;32mI (366) main_task: Started on CPU0[0m
[0;32mI (376) main_task: Calling app_main()[0m
[0;32mI (376) gpio: GPIO[27]| InputEn: 0| OutputEn: 1| OpenDrain: 0| Pullup: 0| Pulldown: 0| Intr:0 [0m
[0;32mI (376) gpio: GPIO[14]| InputEn: 0| OutputEn: 1| OpenDrain: 0| Pullup: 0| Pulldown: 0| Intr:0 [0m
[0;32mI (386) gpio: GPIO[12]| InputEn: 0| OutputEn: 1| OpenDrain: 0| Pullup: 0| Pulldown: 0| Intr:0 [0m
[0;32mI (396) gpio: GPIO[13]| InputEn: 1| OutputEn: 0| OpenDrain: 0| Pullup: 1| Pulldown: 0| Intr:2 [0m
[0;32mI (406) gpio: GPIO[14]| InputEn: 0| OutputEn: 1| OpenDrain: 0| Pullup: 0| Pulldown: 0| Intr:0 [0m
[0;31mE (416) lcd_panel: esp_lcd_panel_reset(15): invalid panel handle[0m
ESP_ERROR_CHECK failed: esp_err_t 0x102 (ESP_ERR_INVALID_ARG) at 0x400d6569
file: "/IDF/desktopscreen/main/src/ds_spi.c" line 176
func: epd_init
expression: esp_lcd_panel_reset(panel_handle)

abort() was called at PC 0x40086b47 on core 0


Backtrace: 0x40081812:0x3ffbd330 0x40086b51:0x3ffbd350 0x4008d535:0x3ffbd370 0x40086b47:0x3ffbd3e0 0x400d6569:0x3ffbd410 0x400d63fe:0x3ffbd480 0x4011040b:0x3ffbd4f0 0x400875e5:0x3ffbd520




ELF file SHA256: d38c85ae8

Rebooting...
[0;32mI (13) boot: ESP-IDF v5.2.3 2nd stage bootloader[0m
[0;32mI (13) boot: compile time Jan  3 2025 23:59:22[0m
[0;32mI (13) boot: Multicore bootloader[0m
[0;32mI (16) boot: chip revision: v1.1[0m
[0;32mI (20) boot.esp32: SPI Speed      : 40MHz[0m
[0;32mI (24) boot.esp32: SPI Mode       : DIO[0m
[0;32mI (29) boot.esp32: SPI Flash Size : 2MB[0m
[0;32mI (33) boot: Enabling RNG early entropy source...[0m
[0;32mI (39) boot: Partition Table:[0m
[0;32mI (42) boot: ## Label            Usage          Type ST Offset   Length[0m
[0;32mI (50) boot:  0 nvs              WiFi data        01 02 00009000 00006000[0m
[0;32mI (57) boot:  1 phy_init         RF data          01 01 0000f000 00001000[0m
[0;32mI (65) boot:  2 factory          factory app      00 00 00010000 00100000[0m
[0;32mI (72) boot: End of partition table[0m
[0;32mI (76) esp_image: segment 0: paddr=00010020 vaddr=3f400020 size=12c64h ( 76900) map[0m
[0;32mI (111) esp_image: segment 1: paddr=00022c8c vaddr=3ffb0000 size=02444h (  9284) load[0m
[0;32mI (115) esp_image: segment 2: paddr=000250d8 vaddr=40080000 size=0af40h ( 44864) load[0m
[0;32mI (135) esp_image: segment 3: paddr=00030020 vaddr=400d0020 size=40c54h (265300) map[0m
[0;32mI (226) esp_image: segment 4: paddr=00070c7c vaddr=4008af40 size=03cb0h ( 15536) load[0m
[0;32mI (239) boot: Loaded app from partition at offset 0x10000[0m
[0;32mI (240) boot: Disabling RNG early entropy source...[0m
[0;32mI (251) cpu_start: Multicore app[0m
[0;32mI (260) cpu_start: Pro cpu start user code[0m
[0;32mI (260) cpu_start: cpu freq: 160000000 Hz[0m
[0;32mI (260) cpu_start: Application information:[0m
[0;32mI (263) cpu_start: Project name:     desktopscreen[0m
[0;32mI (269) cpu_start: App version:      e0787dc-dirty[0m
[0;32mI (274) cpu_start: Compile time:     Jan  9 2025 22:05:50[0m
[0;32mI (280) cpu_start: ELF file SHA256:  d38c85ae8...[0m
[0;32mI (286) cpu_start: ESP-IDF:          v5.2.3[0m
[0;32mI (291) cpu_start: Min chip rev:     v0.0[0m
[0;32mI (295) cpu_start: Max chip rev:     v3.99 [0m
[0;32mI (300) cpu_start: Chip rev:         v1.1[0m
[0;32mI (305) heap_init: Initializing. RAM available for dynamic allocation:[0m
[0;32mI (312) heap_init: At 3FFAE6E0 len 00001920 (6 KiB): DRAM[0m
[0;32mI (318) heap_init: At 3FFBB1F0 len 00024E10 (147 KiB): DRAM[0m
[0;32mI (324) heap_init: At 3FFE0440 len 00003AE0 (14 KiB): D/IRAM[0m
[0;32mI (331) heap_init: At 3FFE4350 len 0001BCB0 (111 KiB): D/IRAM[0m
[0;32mI (337) heap_init: At 4008EBF0 len 00011410 (69 KiB): IRAM[0m
[0;32mI (345) spi_flash: detected chip: generic[0m
[0;32mI (348) spi_flash: flash io: dio[0m
[0;33mW (352) spi_flash: Detected size(4096k) larger than the size in the binary image header(2048k). Using the size in the binary image header.[0m
[0;32mI (366) main_task: Started on CPU0[0m
[0;32mI (376) main_task: Calling app_main()[0m
[0;32mI (376) gpio: GPIO[27]| InputEn: 0| OutputEn: 1| OpenDrain: 0| Pullup: 0| Pulldown: 0| Intr:0 [0m
[0;32mI (376) gpio: GPIO[14]| InputEn: 0| OutputEn: 1| OpenDrain: 0| Pullup: 0| Pulldown: 0| Intr:0 [0m
[0;32mI (386) gpio: GPIO[12]| InputEn: 0| OutputEn: 1| OpenDrain: 0| Pullup: 0| Pulldown: 0| Intr:0 [0m
[0;32mI (396) gpio: GPIO[13]| InputEn: 1| OutputEn: 0| OpenDrain: 0| Pullup: 1| Pulldown: 0| Intr:2 [0m
[0;32mI (406) gpio: GPIO[14]| InputEn: 0| OutputEn: 1| OpenDrain: 0| Pullup: 0| Pulldown: 0| Intr:0 [0m
[0;31mE (416) lcd_panel: esp_lcd_panel_reset(15): invalid panel handle[0m
ESP_ERROR_CHECK failed: esp_err_t 0x102 (ESP_ERR_INVALID_ARG) at 0x400d6569
file: "/IDF/desktopscreen/main/src/ds_spi.c" line 176
func: epd_init
expression: esp_lcd_panel_reset(panel_handle)

abort() was called at PC 0x40086b47 on core 0


Backtrace: 0x40081812:0x3ffbd330 0x40086b51:0x3ffbd350 0x4008d535:0x3ffbd370 0x40086b47:0x3ffbd3e0 0x400d6569:0x3ffbd410 0x400d63fe:0x3ffbd480 0x4011040b:0x3ffbd4f0 0x400875e5:0x3ffbd520




ELF file SHA256: d38c85ae8

Rebooting...
[0;32mI (13) boot: ESP-IDF v5.2.3 2nd stage bootloader[0m
[0;32mI (13) boot: compile time Jan  3 2025 23:59:22[0m
[0;32mI (13) boot: Multicore bootloader[0m
[0;32mI (16) boot: chip revision: v1.1[0m
[0;32mI (20) boot.esp32: SPI Speed      : 40MHz[0m
[0;32mI (24) boot.esp32: SPI Mode       : DIO[0m
[0;32mI (29) boot.esp32: SPI Flash Size : 2MB[0m
[0;32mI (33) boot: Enabling RNG early entropy source...[0m
[0;32mI (39) boot: Partition Table:[0m
[0;32mI (42) boot: ## Label            Usage          Type ST Offset   Length[0m
[0;32mI (50) boot:  0 nvs              WiFi data        01 02 00009000 00006000[0m
[0;32mI (57) boot:  1 phy_init         RF data          01 01 0000f000 00001000[0m
[0;32mI (65) boot:  2 factory          factory app      00 00 00010000 00100000[0m
[0;32mI (72) boot: End of partition table[0m
[0;32mI (76) esp_image: segment 0: paddr=00010020 vaddr=3f400020 size=12c64h ( 76900) map[0m
[0;32mI (111) esp_image: segment 1: paddr=00022c8c vaddr=3ffb0000 size=02444h (  9284) load[0m
[0;32mI (115) esp_image: segment 2: paddr=000250d8 vaddr=40080000 size=0af40h ( 44864) load[0m
[0;32mI (135) esp_image: segment 3: paddr=00030020 vaddr=400d0020 size=40c54h (265300) map[0m
[0;32mI (226) esp_image: segment 4: paddr=00070c7c vaddr=4008af40 size=03cb0h ( 15536) load[0m
[0;32mI (239) boot: Loaded app from partition at offset 0x10000[0m
[0;32mI (240) boot: Disabling RNG early entropy source...[0m
[0;32mI (251) cpu_start: Multicore app[0m
[0;32mI (260) cpu_start: Pro cpu start user code[0m
[0;32mI (260) cpu_start: cpu freq: 160000000 Hz[0m
[0;32mI (260) cpu_start: Application information:[0m
[0;32mI (263) cpu_start: Project name:     desktopscreen[0m
[0;32mI (269) cpu_start: App version:      e0787dc-dirty[0m
[0;32mI (274) cpu_start: Compile time:     Jan  9 2025 22:05:50[0m
[0;32mI (280) cpu_start: ELF file SHA256:  d38c85ae8...[0m
[0;32mI (286) cpu_start: ESP-IDF:          v5.2.3[0m
[0;32mI (291) cpu_start: Min chip rev:     v0.0[0m
[0;32mI (295) cpu_start: Max chip rev:     v3.99 [0m
[0;32mI (300) cpu_start: Chip rev:         v1.1[0m
[0;32mI (305) heap_init: Initializing. RAM available for dynamic allocation:[0m
[0;32mI (312) heap_init: At 3FFAE6E0 len 00001920 (6 KiB): DRAM[0m
[0;32mI (318) heap_init: At 3FFBB1F0 len 00024E10 (147 KiB): DRAM[0m
[0;32mI (324) heap_init: At 3FFE0440 len 00003AE0 (14 KiB): D/IRAM[0m
[0;32mI (331) heap_init: At 3FFE4350 len 0001BCB0 (111 KiB): D/IRAM[0m
[0;32mI (337) heap_init: At 4008EBF0 len 00011410 (69 KiB): IRAM[0m
[0;32mI (345) spi_flash: detected chip: generic[0m
[0;32mI (348) spi_flash: flash io: dio[0m
[0;33mW (352) spi_flash: Detected size(4096k) larger than the size in the binary image header(2048k). Using the size in the binary image header.[0m
[0;32mI (366) main_task: Started on CPU0[0m
[0;32mI (376) main_task: Calling app_main()[0m
[0;32mI (376) gpio: GPIO[27]| InputEn: 0| OutputEn: 1| OpenDrain: 0| Pullup: 0| Pulldown: 0| Intr:0 [0m
[0;32mI (376) gpio: GPIO[14]| InputEn: 0| OutputEn: 1| OpenDrain: 0| Pullup: 0| Pulldown: 0| Intr:0 [0m
[0;32mI (386) gpio: GPIO[12]| InputEn: 0| OutputEn: 1| OpenDrain: 0| Pullup: 0| Pulldown: 0| Intr:0 [0m
[0;32mI (396) gpio: GPIO[13]| InputEn: 1| OutputEn: 0| OpenDrain: 0| Pullup: 1| Pulldown: 0| Intr:2 [0m
[0;32mI (406) gpio: GPIO[14]| InputEn: 0| OutputEn: 1| OpenDrain: 0| Pullup: 0| Pulldown: 0| Intr:0 [0m
[0;31mE (416) lcd_panel: esp_lcd_panel_reset(15): invalid panel handle[0m
ESP_ERROR_CHECK failed: esp_err_t 0x102 (ESP_ERR_INVALID_ARG) at 0x400d6569
file: "/IDF/desktopscreen/main/src/ds_spi.c" line 176
func: epd_init
expression: esp_lcd_panel_reset(panel_handle)

abort() was called at PC 0x40086b47 on core 0


Backtrace: 0x40081812:0x3ffbd330 0x40086b51:0x3ffbd350 0x4008d535:0x3ffbd370 0x40086b47:0x3ffbd3e0 0x400d6569:0x3ffbd410 0x400d63fe:0x3ffbd480 0x4011040b:0x3ffbd4f0 0x400875e5:0x3ffbd520




ELF file SHA256: d38c85ae8

Rebooting...
[0;32mI (13) boot: ESP-IDF v5.2.3 2nd stage bootloader[0m
[0;32mI (13) boot: compile time Jan  3 2025 23:59:22[0m
[0;32mI (13) boot: Multicore bootloader[0m
[0;32mI (16) boot: chip revision: v1.1[0m
[0;32mI (20) boot.esp32: SPI Speed      : 40MHz[0m
[0;32mI (24) boot.esp32: SPI Mode       : DIO[0m
[0;32mI (29) boot.esp32: SPI Flash Size : 2MB[0m
[0;32mI (33) boot: Enabling RNG early entropy source...[0m
[0;32mI (39) boot: Partition Table:[0m
[0;32mI (42) boot: ## Label            Usage          Type ST Offset   Length[0m
[0;32mI (50) boot:  0 nvs              WiFi data        01 02 00009000 00006000[0m
[0;32mI (57) boot:  1 phy_init         RF data          01 01 0000f000 00001000[0m
[0;32mI (65) boot:  2 factory          factory app      00 00 00010000 00100000[0m
[0;32mI (72) boot: End of partition table[0m
[0;32mI (76) esp_image: segment 0: paddr=00010020 vaddr=3f400020 size=12c64h ( 76900) map[0m
[0;32mI (111) esp_image: segment 1: paddr=00022c8c vaddr=3ffb0000 size=02444h (  9284) load[0m
[0;32mI (115) esp_image: segment 2: paddr=000250d8 vaddr=40080000 size=0af40h ( 44864) load[0m
[0;32mI (135) esp_image: segment 3: paddr=00030020 vaddr=400d0020 size=40c54h (265300) map[0m
[0;32mI (226) esp_image: segment 4: paddr=00070c7c vaddr=4008af40 size=03cb0h ( 15536) load[0m
[0;32mI (239) boot: Loaded app from partition at offset 0x10000[0m
[0;32mI (240) boot: Disabling RNG early entropy source...[0m
[0;32mI (251) cpu_start: Multicore app[0m
[0;32mI (260) cpu_start: Pro cpu start user code[0m
[0;32mI (260) cpu_start: cpu freq: 160000000 Hz[0m
[0;32mI (260) cpu_start: Application information:[0m
[0;32mI (263) cpu_start: Project name:     desktopscreen[0m
[0;32mI (269) cpu_start: App version:      e0787dc-dirty[0m
[0;32mI (274) cpu_start: Compile time:     Jan  9 2025 22:05:50[0m
[0;32mI (280) cpu_start: ELF file SHA256:  d38c85ae8...[0m
[0;32mI (286) cpu_start: ESP-IDF:          v5.2.3[0m
[0;32mI (291) cpu_start: Min chip rev:     v0.0[0m
[0;32mI (295) cpu_start: Max chip rev:     v3.99 [0m
[0;32mI (300) cpu_start: Chip rev:         v1.1[0m
[0;32mI (305) heap_init: Initializing. RAM available for dynamic allocation:[0m
[0;32mI (312) heap_init: At 3FFAE6E0 len 00001920 (6 KiB): DRAM[0m
[0;32mI (318) heap_init: At 3FFBB1F0 len 00024E10 (147 KiB): DRAM[0m
[0;32mI (324) heap_init: At 3FFE0440 len 00003AE0 (14 KiB): D/IRAM[0m
[0;32mI (331) heap_init: At 3FFE4350 len 0001BCB0 (111 KiB): D/IRAM[0m
[0;32mI (337) heap_init: At 4008EBF0 len 00011410 (69 KiB): IRAM[0m
[0;32mI (345) spi_flash: detected chip: generic[0m
[0;32mI (348) spi_flash: flash io: dio[0m
[0;33mW (352) spi_flash: Detected size(4096k) larger than the size in the binary image header(2048k). Using the size in the binary image header.[0m
[0;32mI (366) main_task: Started on CPU0[0m
[0;32mI (376) main_task: Calling app_main()[0m
[0;32mI (376) gpio: GPIO[27]| InputEn: 0| OutputEn: 1| OpenDrain: 0| Pullup: 0| Pulldown: 0| Intr:0 [0m
[0;32mI (376) gpio: GPIO[14]| InputEn: 0| OutputEn: 1| OpenDrain: 0| Pullup: 0| Pulldown: 0| Intr:0 [0m
[0;32mI (386) gpio: GPIO[12]| InputEn: 0| OutputEn: 1| OpenDrain: 0| Pullup: 0| Pulldown: 0| Intr:0 [0m
[0;32mI (396) gpio: GPIO[13]| InputEn: 1| OutputEn: 0| OpenDrain: 0| Pullup: 1| Pulldown: 0| Intr:2 [0m
[0;32mI (406) gpio: GPIO[14]| InputEn: 0| OutputEn: 1| OpenDrain: 0| Pullup: 0| Pulldown: 0| Intr:0 [0m
[0;31mE (416) lcd_panel: esp_lcd_panel_reset(15): invalid panel handle[0m
ESP_ERROR_CHECK failed: esp_err_t 0x102 (ESP_ERR_INVALID_ARG) at 0x400d6569
file: "/IDF/desktopscreen/main/src/ds_spi.c" line 176
func: epd_init
expression: esp_lcd_panel_reset(panel_handle)

abort() was called at PC 0x40086b47 on core 0


Backtrace: 0x40081812:0x3ffbd330 0x40086b51:0x3ffbd350 0x4008d535:0x3ffbd370 0x40086b47:0x3ffbd3e0 0x400d6569:0x3ffbd410 0x400d63fe:0x3ffbd480 0x4011040b:0x3ffbd4f0 0x400875e5:0x3ffbd520




ELF file SHA256: d38c85ae8

Rebooting...
[0;32mI (13) boot: ESP-IDF v5.2.3 2nd stage bootloader[0m
[0;32mI (13) boot: compile time Jan  3 2025 23:59:22[0m
[0;32mI (13) boot: Multicore bootloader[0m
[0;32mI (16) boot: chip revision: v1.1[0m
[0;32mI (20) boot.esp32: SPI Speed      : 40MHz[0m
[0;32mI (24) boot.esp32: SPI Mode       : DIO[0m
[0;32mI (29) boot.esp32: SPI Flash Size : 2MB[0m
[0;32mI (33) boot: Enabling RNG early entropy source...[0m
[0;32mI (39) boot: Partition Table:[0m
[0;32mI (42) boot: ## Label            Usage          Type ST Offset   Length[0m
[0;32mI (50) boot:  0 nvs              WiFi data        01 02 00009000 00006000[0m
[0;32mI (57) boot:  1 phy_init         RF data          01 01 0000f000 00001000[0m
[0;32mI (65) boot:  2 factory          factory app      00 00 00010000 00100000[0m
[0;32mI (72) boot: End of partition table[0m
[0;32mI (76) esp_image: segment 0: paddr=00010020 vaddr=3f400020 size=12c64h ( 76900) map[0m
[0;32mI (111) esp_image: segment 1: paddr=00022c8c vaddr=3ffb0000 size=02444h (  9284) load[0m
[0;32mI (115) esp_image: segment 2: paddr=000250d8 vaddr=40080000 size=0af40h ( 44864) load[0m
[0;32mI (135) esp_image: segment 3: paddr=00030020 vaddr=400d0020 size=40c54h (265300) map[0m
[0;32mI (226) esp_image: segment 4: paddr=00070c7c vaddr=4008af40 size=03cb0h ( 15536) load[0m
[0;32mI (239) boot: Loaded app from partition at offset 0x10000[0m
[0;32mI (240) boot: Disabling RNG early entropy source...[0m
[0;32mI (251) cpu_start: Multicore app[0m
[0;32mI (260) cpu_start: Pro cpu start user code[0m
[0;32mI (260) cpu_start: cpu freq: 160000000 Hz[0m
[0;32mI (260) cpu_start: Application information:[0m
[0;32mI (263) cpu_start: Project name:     desktopscreen[0m
[0;32mI (269) cpu_start: App version:      e0787dc-dirty[0m
[0;32mI (274) cpu_start: Compile time:     Jan  9 2025 22:05:50[0m
[0;32mI (280) cpu_start: ELF file SHA256:  d38c85ae8...[0m
[0;32mI (286) cpu_start: ESP-IDF:          v5.2.3[0m
[0;32mI (291) cpu_start: Min chip rev:     v0.0[0m
[0;32mI (295) cpu_start: Max chip rev:     v3.99 [0m
[0;32mI (300) cpu_start: Chip rev:         v1.1[0m
[0;32mI (305) heap_init: Initializing. RAM available for dynamic allocation:[0m
[0;32mI (312) heap_init: At 3FFAE6E0 len 00001920 (6 KiB): DRAM[0m
[0;32mI (318) heap_init: At 3FFBB1F0 len 00024E10 (147 KiB): DRAM[0m
[0;32mI (324) heap_init: At 3FFE0440 len 00003AE0 (14 KiB): D/IRAM[0m
[0;32mI (331) heap_init: At 3FFE4350 len 0001BCB0 (111 KiB): D/IRAM[0m
[0;32mI (337) heap_init: At 4008EBF0 len 00011410 (69 KiB): IRAM[0m
[0;32mI (345) spi_flash: detected chip: generic[0m
[0;32mI (348) spi_flash: flash io: dio[0m
[0;33mW (352) spi_flash: Detected size(4096k) larger than the size in the binary image header(2048k). Using the size in the binary image header.[0m
[0;32mI (366) main_task: Started on CPU0[0m
[0;32mI (376) main_task: Calling app_main()[0m
[0;32mI (376) gpio: GPIO[27]| InputEn: 0| OutputEn: 1| OpenDrain: 0| Pullup: 0| Pulldown: 0| Intr:0 [0m
[0;32mI (376) gpio: GPIO[14]| InputEn: 0| OutputEn: 1| OpenDrain: 0| Pullup: 0| Pulldown: 0| Intr:0 [0m
[0;32mI (386) gpio: GPIO[12]| InputEn: 0| OutputEn: 1| OpenDrain: 0| Pullup: 0| Pulldown: 0| Intr:0 [0m
[0;32mI (396) gpio: GPIO[13]| InputEn: 1| OutputEn: 0| OpenDrain: 0| Pullup: 1| Pulldown: 0| Intr:2 [0m
[0;32mI (406) gpio: GPIO[14]| InputEn: 0| OutputEn: 1| OpenDrain: 0| Pullup: 0| Pulldown: 0| Intr:0 [0m
[0;31mE (416) lcd_panel: esp_lcd_panel_reset(15): invalid panel handle[0m
ESP_ERROR_CHECK failed: esp_err_t 0x102 (ESP_ERR_INVALID_ARG) at 0x400d6569
file: "/IDF/desktopscreen/main/src/ds_spi.c" line 176
func: epd_init
expression: esp_lcd_panel_reset(panel_handle)

abort() was called at PC 0x40086b47 on core 0


Backtrace: 0x40081812:0x3ffbd330 0x40086b51:0x3ffbd350 0x4008d535:0x3ffbd370 0x40086b47:0x3ffbd3e0 0x400d6569:0x3ffbd410 0x400d63fe:0x3ffbd480 0x4011040b:0x3ffbd4f0 0x400875e5:0x3ffbd520




ELF file SHA256: d38c85ae8

Rebooting...
[0;32mI (13) boot: ESP-IDF v5.2.3 2nd stage bootloader[0m
[0;32mI (13) boot: compile time Jan  3 2025 23:59:22[0m
[0;32mI (13) boot: Multicore bootloader[0m
[0;32mI (16) boot: chip revision: v1.1[0m
[0;32mI (20) boot.esp32: SPI Speed      : 40MHz[0m
[0;32mI (24) boot.esp32: SPI Mode       : DIO[0m
[0;32mI (29) boot.esp32: SPI Flash Size : 2MB[0m
[0;32mI (33) boot: Enabling RNG early entropy source...[0m
[0;32mI (39) boot: Partition Table:[0m
[0;32mI (42) boot: ## Label            Usage          Type ST Offset   Length[0m
[0;32mI (50) boot:  0 nvs              WiFi data        01 02 00009000 00006000[0m
[0;32mI (57) boot:  1 phy_init         RF data          01 01 0000f000 00001000[0m
[0;32mI (65) boot:  2 factory          factory app      00 00 00010000 00100000[0m
[0;32mI (72) boot: End of partition table[0m
[0;32mI (76) esp_image: segment 0: paddr=00010020 vaddr=3f400020 size=12c64h ( 76900) map[0m
[0;32mI (111) esp_image: segment 1: paddr=00022c8c vaddr=3ffb0000 size=02444h (  9284) load[0m
[0;32mI (115) esp_image: segment 2: paddr=000250d8 vaddr=40080000 size=0af40h ( 44864) load[0m
[0;32mI (135) esp_image: segment 3: paddr=00030020 vaddr=400d0020 size=40c54h (265300) map[0m
[0;32mI (226) esp_image: segment 4: paddr=00070c7c vaddr=4008af40 size=03cb0h ( 15536) load[0m
[0;32mI (239) boot: Loaded app from partition at offset 0x10000[0m
[0;32mI (240) boot: Disabling RNG early entropy source...[0m
[0;32mI (251) cpu_start: Multicore app[0m
[0;32mI (260) cpu_start: Pro cpu start user code[0m
[0;32mI (260) cpu_start: cpu freq: 160000000 Hz[0m
[0;32mI (260) cpu_start: Application information:[0m
[0;32mI (263) cpu_start: Project name:     desktopscreen[0m
[0;32mI (269) cpu_start: App version:      e0787dc-dirty[0m
[0;32mI (274) cpu_start: Compile time:     Jan  9 2025 22:05:50[0m
[0;32mI (280) cpu_start: ELF file SHA256:  d38c85ae8...[0m
[0;32mI (286) cpu_start: ESP-IDF:          v5.2.3[0m
[0;32mI (291) cpu_start: Min chip rev:     v0.0[0m
[0;32mI (295) cpu_start: Max chip rev:     v3.99 [0m
[0;32mI (300) cpu_start: Chip rev:         v1.1[0m
[0;32mI (305) heap_init: Initializing. RAM available for dynamic allocation:[0m
[0;32mI (312) heap_init: At 3FFAE6E0 len 00001920 (6 KiB): DRAM[0m
[0;32mI (318) heap_init: At 3FFBB1F0 len 00024E10 (147 KiB): DRAM[0m
[0;32mI (324) heap_init: At 3FFE0440 len 00003AE0 (14 KiB): D/IRAM[0m
[0;32mI (331) heap_init: At 3FFE4350 len 0001BCB0 (111 KiB): D/IRAM[0m
[0;32mI (337) heap_init: At 4008EBF0 len 00011410 (69 KiB): IRAM[0m
[0;32mI (345) spi_flash: detected chip: generic[0m
[0;32mI (348) spi_flash: flash io: dio[0m
[0;33mW (352) spi_flash: Detected size(4096k) larger than the size in the binary image header(2048k). Using the size in the binary image header.[0m
[0;32mI (366) main_task: Started on CPU0[0m
[0;32mI (376) main_task: Calling app_main()[0m
[0;32mI (376) gpio: GPIO[27]| InputEn: 0| OutputEn: 1| OpenDrain: 0| Pullup: 0| Pulldown: 0| Intr:0 [0m
[0;32mI (376) gpio: GPIO[14]| InputEn: 0| OutputEn: 1| OpenDrain: 0| Pullup: 0| Pulldown: 0| Intr:0 [0m
[0;32mI (386) gpio: GPIO[12]| InputEn: 0| OutputEn: 1| OpenDrain: 0| Pullup: 0| Pulldown: 0| Intr:0 [0m
[0;32mI (396) gpio: GPIO[13]| InputEn: 1| OutputEn: 0| OpenDrain: 0| Pullup: 1| Pulldown: 0| Intr:2 [0m
[0;32mI (406) gpio: GPIO[14]| InputEn: 0| OutputEn: 1| OpenDrain: 0| Pullup: 0| Pulldown: 0| Intr:0 [0m
[0;31mE (416) lcd_panel: esp_lcd_panel_reset(15): invalid panel handle[0m
ESP_ERROR_CHECK failed: esp_err_t 0x102 (ESP_ERR_INVALID_ARG) at 0x400d6569
file: "/IDF/desktopscreen/main/src/ds_spi.c" line 176
func: epd_init
expression: esp_lcd_panel_reset(panel_handle)

abort() was called at PC 0x40086b47 on core 0


Backtrace: 0x40081812:0x3ffbd330 0x40086b51:0x3ffbd350 0x4008d535:0x3ffbd370 0x40086b47:0x3ffbd3e0 0x400d6569:0x3ffbd410 0x400d63fe:0x3ffbd480 0x4011040b:0x3ffbd4f0 0x400875e5:0x3ffbd520




ELF file SHA256: d38c85ae8

Rebooting...
[0;32mI (13) boot: ESP-IDF v5.2.3 2nd stage bootloader[0m
[0;32mI (13) boot: compile time Jan  3 2025 23:59:22[0m
[0;32mI (13) boot: Multicore bootloader[0m
[0;32mI (16) boot: chip revision: v1.1[0m
[0;32mI (20) boot.esp32: SPI Speed      : 40MHz[0m
[0;32mI (24) boot.esp32: SPI Mode       : DIO[0m
[0;32mI (29) boot.esp32: SPI Flash Size : 2MB[0m
[0;32mI (33) boot: Enabling RNG early entropy source...[0m
[0;32mI (39) boot: Partition Table:[0m
[0;32mI (42) boot: ## Label            Usage          Type ST Offset   Length[0m
[0;32mI (50) boot:  0 nvs              WiFi data        01 02 00009000 00006000[0m
[0;32mI (57) boot:  1 phy_init         RF data          01 01 0000f000 00001000[0m
[0;32mI (65) boot:  2 factory          factory app      00 00 00010000 00100000[0m
[0;32mI (72) boot: End of partition table[0m
[0;32mI (76) esp_image: segment 0: paddr=00010020 vaddr=3f400020 size=12c64h ( 76900) map[0m
[0;32mI (111) esp_image: segment 1: paddr=00022c8c vaddr=3ffb0000 size=02444h (  9284) load[0m
[0;32mI (115) esp_image: segment 2: paddr=000250d8 vaddr=40080000 size=0af40h ( 44864) load[0m
[0;32mI (135) esp_image: segment 3: paddr=00030020 vaddr=400d0020 size=40c54h (265300) map[0m
[0;32mI (226) esp_image: segment 4: paddr=00070c7c vaddr=4008af40 size=03cb0h ( 15536) load[0m
[0;32mI (239) boot: Loaded app from partition at offset 0x10000[0m
[0;32mI (240) boot: Disabling RNG early entropy source...[0m
[0;32mI (251) cpu_start: Multicore app[0m
[0;32mI (260) cpu_start: Pro cpu start user code[0m
[0;32mI (260) cpu_start: cpu freq: 160000000 Hz[0m
[0;32mI (260) cpu_start: Application information:[0m
[0;32mI (263) cpu_start: Project name:     desktopscreen[0m
[0;32mI (269) cpu_start: App version:      e0787dc-dirty[0m
[0;32mI (274) cpu_start: Compile time:     Jan  9 2025 22:05:50[0m
[0;32mI (280) cpu_start: ELF file SHA256:  d38c85ae8...[0m
[0;32mI (286) cpu_start: ESP-IDF:          v5.2.3[0m
[0;32mI (291) cpu_start: Min chip rev:     v0.0[0m
[0;32mI (295) cpu_start: Max chip rev:     v3.99 [0m
[0;32mI (300) cpu_start: Chip rev:         v1.1[0m
[0;32mI (305) heap_init: Initializing. RAM available for dynamic allocation:[0m
[0;32mI (312) heap_init: At 3FFAE6E0 len 00001920 (6 KiB): DRAM[0m
[0;32mI (318) heap_init: At 3FFBB1F0 len 00024E10 (147 KiB): DRAM[0m
[0;32mI (324) heap_init: At 3FFE0440 len 00003AE0 (14 KiB): D/IRAM[0m
[0;32mI (331) heap_init: At 3FFE4350 len 0001BCB0 (111 KiB): D/IRAM[0m
[0;32mI (337) heap_init: At 4008EBF0 len 00011410 (69 KiB): IRAM[0m
[0;32mI (345) spi_flash: detected chip: generic[0m
[0;32mI (348) spi_flash: flash io: dio[0m
[0;33mW (352) spi_flash: Detected size(4096k) larger than the size in the binary image header(2048k). Using the size in the binary image header.[0m
[0;32mI (366) main_task: Started on CPU0[0m
[0;32mI (376) main_task: Calling app_main()[0m
[0;32mI (376) gpio: GPIO[27]| InputEn: 0| OutputEn: 1| OpenDrain: 0| Pullup: 0| Pulldown: 0| Intr:0 [0m
[0;32mI (376) gpio: GPIO[14]| InputEn: 0| OutputEn: 1| OpenDrain: 0| Pullup: 0| Pulldown: 0| Intr:0 [0m
[0;32mI (386) gpio: GPIO[12]| InputEn: 0| OutputEn: 1| OpenDrain: 0| Pullup: 0| Pulldown: 0| Intr:0 [0m
[0;32mI (396) gpio: GPIO[13]| InputEn: 1| OutputEn: 0| OpenDrain: 0| Pullup: 1| Pulldown: 0| Intr:2 [0m
[0;32mI (406) gpio: GPIO[14]| InputEn: 0| OutputEn: 1| OpenDrain: 0| Pullup: 0| Pulldown: 0| Intr:0 [0m
[0;31mE (416) lcd_panel: esp_lcd_panel_reset(15): invalid panel handle[0m
ESP_ERROR_CHECK failed: esp_err_t 0x102 (ESP_ERR_INVALID_ARG) at 0x400d6569
file: "/IDF/desktopscreen/main/src/ds_spi.c" line 176
func: epd_init
expression: esp_lcd_panel_reset(panel_handle)

abort() was called at PC 0x40086b47 on core 0


Backtrace: 0x40081812:0x3ffbd330 0x40086b51:0x3ffbd350 0x4008d535:0x3ffbd370 0x40086b47:0x3ffbd3e0 0x400d6569:0x3ffbd410 0x400d63fe:0x3ffbd480 0x4011040b:0x3ffbd4f0 0x400875e5:0x3ffbd520




ELF file SHA256: d38c85ae8

Rebooting...
[0;32mI (13) boot: ESP-IDF v5.2.3 2nd stage bootloader[0m
[0;32mI (13) boot: compile time Jan  3 2025 23:59:22[0m
[0;32mI (13) boot: Multicore bootloader[0m
[0;32mI (16) boot: chip revision: v1.1[0m
[0;32mI (20) boot.esp32: SPI Speed      : 40MHz[0m
[0;32mI (24) boot.esp32: SPI Mode       : DIO[0m
[0;32mI (29) boot.esp32: SPI Flash Size : 2MB[0m
[0;32mI (33) boot: Enabling RNG early entropy source...[0m
[0;32mI (39) boot: Partition Table:[0m
[0;32mI (42) boot: ## Label            Usage          Type ST Offset   Length[0m
[0;32mI (50) boot:  0 nvs              WiFi data        01 02 00009000 00006000[0m
[0;32mI (57) boot:  1 phy_init         RF data          01 01 0000f000 00001000[0m
[0;32mI (65) boot:  2 factory          factory app      00 00 00010000 00100000[0m
[0;32mI (72) boot: End of partition table[0m
[0;32mI (76) esp_image: segment 0: paddr=00010020 vaddr=3f400020 size=12c64h ( 76900) map[0m
[0;32mI (111) esp_image: segment 1: paddr=00022c8c vaddr=3ffb0000 size=02444h (  9284) load[0m
[0;32mI (115) esp_image: segment 2: paddr=000250d8 vaddr=40080000 size=0af40h ( 44864) load[0m
[0;32mI (135) esp_image: segment 3: paddr=00030020 vaddr=400d0020 size=40c54h (265300) map[0m
[0;32mI (226) esp_image: segment 4: paddr=00070c7c vaddr=4008af40 size=03cb0h ( 15536) load[0m
[0;32mI (239) boot: Loaded app from partition at offset 0x10000[0m
[0;32mI (240) boot: Disabling RNG early entropy source...[0m
[0;32mI (251) cpu_start: Multicore app[0m
[0;32mI (260) cpu_start: Pro cpu start user code[0m
[0;32mI (260) cpu_start: cpu freq: 160000000 Hz[0m
[0;32mI (260) cpu_start: Application information:[0m
[0;32mI (263) cpu_start: Project name:     desktopscreen[0m
[0;32mI (269) cpu_start: App version:      e0787dc-dirty[0m
[0;32mI (274) cpu_start: Compile time:     Jan  9 2025 22:05:50[0m
[0;32mI (280) cpu_start: ELF file SHA256:  d38c85ae8...[0m
[0;32mI (286) cpu_start: ESP-IDF:          v5.2.3[0m
[0;32mI (291) cpu_start: Min chip rev:     v0.0[0m
[0;32mI (295) cpu_start: Max chip rev:     v3.99 [0m
[0;32mI (300) cpu_start: Chip rev:         v1.1[0m
[0;32mI (305) heap_init: Initializing. RAM available for dynamic allocation:[0m
[0;32mI (312) heap_init: At 3FFAE6E0 len 00001920 (6 KiB): DRAM[0m
[0;32mI (318) heap_init: At 3FFBB1F0 len 00024E10 (147 KiB): DRAM[0m
[0;32mI (324) heap_init: At 3FFE0440 len 00003AE0 (14 KiB): D/IRAM[0m
[0;32mI (331) heap_init: At 3FFE4350 len 0001BCB0 (111 KiB): D/IRAM[0m
[0;32mI (337) heap_init: At 4008EBF0 len 00011410 (69 KiB): IRAM[0m
[0;32mI (345) spi_flash: detected chip: generic[0m
[0;32mI (348) spi_flash: flash io: dio[0m
[0;33mW (352) spi_flash: Detected size(4096k) larger than the size in the binary image header(2048k). Using the size in the binary image header.[0m
[0;32mI (366) main_task: Started on CPU0[0m
[0;32mI (376) main_task: Calling app_main()[0m
[0;32mI (376) gpio: GPIO[27]| InputEn: 0| OutputEn: 1| OpenDrain: 0| Pullup: 0| Pulldown: 0| Intr:0 [0m
[0;32mI (376) gpio: GPIO[14]| InputEn: 0| OutputEn: 1| OpenDrain: 0| Pullup: 0| Pulldown: 0| Intr:0 [0m
[0;32mI (386) gpio: GPIO[12]| InputEn: 0| OutputEn: 1| OpenDrain: 0| Pullup: 0| Pulldown: 0| Intr:0 [0m
[0;32mI (396) gpio: GPIO[13]| InputEn: 1| OutputEn: 0| OpenDrain: 0| Pullup: 1| Pulldown: 0| Intr:2 [0m
[0;32mI (406) gpio: GPIO[14]| InputEn: 0| OutputEn: 1| OpenDrain: 0| Pullup: 0| Pulldown: 0| Intr:0 [0m
[0;31mE (416) lcd_panel: esp_lcd_panel_reset(15): invalid panel handle[0m
ESP_ERROR_CHECK failed: esp_err_t 0x102 (ESP_ERR_INVALID_ARG) at 0x400d6569
file: "/IDF/desktopscreen/main/src/ds_spi.c" line 176
func: epd_init
expression: esp_lcd_panel_reset(panel_handle)

abort() was called at PC 0x40086b47 on core 0


Backtrace: 0x40081812:0x3ffbd330 0x40086b51:0x3ffbd350 0x4008d535:0x3ffbd370 0x40086b47:0x3ffbd3e0 0x400d6569:0x3ffbd410 0x400d63fe:0x3ffbd480 0x4011040b:0x3ffbd4f0 0x400875e5:0x3ffbd520




ELF file SHA256: d38c85ae8

Rebooting...
[0;32mI (13) boot: ESP-IDF v5.2.3 2nd stage bootloader[0m
[0;32mI (13) boot: compile time Jan  3 2025 23:59:22[0m
[0;32mI (13) boot: Multicore bootloader[0m
[0;32mI (16) boot: chip revision: v1.1[0m
[0;32mI (20) boot.esp32: SPI Speed      : 40MHz[0m
[0;32mI (24) boot.esp32: SPI Mode       : DIO[0m
[0;32mI (29) boot.esp32: SPI Flash Size : 2MB[0m
[0;32mI (33) boot: Enabling RNG early entropy source...[0m
[0;32mI (39) boot: Partition Table:[0m
[0;32mI (42) boot: ## Label            Usage          Type ST Offset   Length[0m
[0;32mI (50) boot:  0 nvs              WiFi data        01 02 00009000 00006000[0m
[0;32mI (57) boot:  1 phy_init         RF data          01 01 0000f000 00001000[0m
[0;32mI (65) boot:  2 factory          factory app      00 00 00010000 00100000[0m
[0;32mI (72) boot: End of partition table[0m
[0;32mI (76) esp_image: segment 0: paddr=00010020 vaddr=3f400020 size=12c64h ( 76900) map[0m
[0;32mI (111) esp_image: segment 1: paddr=00022c8c vaddr=3ffb0000 size=02444h (  9284) load[0m
[0;32mI (115) esp_image: segment 2: paddr=000250d8 vaddr=40080000 size=0af40h ( 44864) load[0m
[0;32mI (135) esp_image: segment 3: paddr=00030020 vaddr=400d0020 size=40c54h (265300) map[0m
[0;32mI (226) esp_image: segment 4: paddr=00070c7c vaddr=4008af40 size=03cb0h ( 15536) load[0m
[0;32mI (239) boot: Loaded app from partition at offset 0x10000[0m
[0;32mI (240) boot: Disabling RNG early entropy source...[0m
[0;32mI (251) cpu_start: Multicore app[0m
[0;32mI (260) cpu_start: Pro cpu start user code[0m
[0;32mI (260) cpu_start: cpu freq: 160000000 Hz[0m
[0;32mI (260) cpu_start: Application information:[0m
[0;32mI (263) cpu_start: Project name:     desktopscreen[0m
[0;32mI (269) cpu_start: App version:      e0787dc-dirty[0m
[0;32mI (274) cpu_start: Compile time:     Jan  9 2025 22:05:50[0m
[0;32mI (280) cpu_start: ELF file SHA256:  d38c85ae8...[0m
[0;32mI (286) cpu_start: ESP-IDF:          v5.2.3[0m
[0;32mI (291) cpu_start: Min chip rev:     v0.0[0m
[0;32mI (295) cpu_start: Max chip rev:     v3.99 [0m
[0;32mI (300) cpu_start: Chip rev:         v1.1[0m
[0;32mI (305) heap_init: Initializing. RAM available for dynamic allocation:[0m
[0;32mI (312) heap_init: At 3FFAE6E0 len 00001920 (6 KiB): DRAM[0m
[0;32mI (318) heap_init: At 3FFBB1F0 len 00024E10 (147 KiB): DRAM[0m
[0;32mI (324) heap_init: At 3FFE0440 len 00003AE0 (14 KiB): D/IRAM[0m
[0;32mI (331) heap_init: At 3FFE4350 len 0001BCB0 (111 KiB): D/IRAM[0m
[0;32mI (337) heap_init: At 4008EBF0 len 00011410 (69 KiB): IRAM[0m
[0;32mI (345) spi_flash: detected chip: generic[0m
[0;32mI (348) spi_flash: flash io: dio[0m
[0;33mW (352) spi_flash: Detected size(4096k) larger than the size in the binary image header(2048k). Using the size in the binary image header.[0m
[0;32mI (366) main_task: Started on CPU0[0m
[0;32mI (376) main_task: Calling app_main()[0m
[0;32mI (376) gpio: GPIO[27]| InputEn: 0| OutputEn: 1| OpenDrain: 0| Pullup: 0| Pulldown: 0| Intr:0 [0m
[0;32mI (376) gpio: GPIO[14]| InputEn: 0| OutputEn: 1| OpenDrain: 0| Pullup: 0| Pulldown: 0| Intr:0 [0m
[0;32mI (386) gpio: GPIO[12]| InputEn: 0| OutputEn: 1| OpenDrain: 0| Pullup: 0| Pulldown: 0| Intr:0 [0m
[0;32mI (396) gpio: GPIO[13]| InputEn: 1| OutputEn: 0| OpenDrain: 0| Pullup: 1| Pulldown: 0| Intr:2 [0m
[0;32mI (406) gpio: GPIO[14]| InputEn: 0| OutputEn: 1| OpenDrain: 0| Pullup: 0| Pulldown: 0| Intr:0 [0m
[0;31mE (416) lcd_panel: esp_lcd_panel_reset(15): invalid panel handle[0m
ESP_ERROR_CHECK failed: esp_err_t 0x102 (ESP_ERR_INVALID_ARG) at 0x400d6569
file: "/IDF/desktopscreen/main/src/ds_spi.c" line 176
func: epd_init
expression: esp_lcd_panel_reset(panel_handle)

abort() was called at PC 0x40086b47 on core 0


Backtrace: 0x40081812:0x3ffbd330 0x40086b51:0x3ffbd350 0x4008d535:0x3ffbd370 0x40086b47:0x3ffbd3e0 0x400d6569:0x3ffbd410 0x400d63fe:0x3ffbd480 0x4011040b:0x3ffbd4f0 0x400875e5:0x3ffbd520




ELF file SHA256: d38c85ae8

Rebooting...
[0;32mI (13) boot: ESP-IDF v5.2.3 2nd stage bootloader[0m
[0;32mI (13) boot: compile time Jan  3 2025 23:59:22[0m
[0;32mI (13) boot: Multicore bootloader[0m
[0;32mI (16) boot: chip revision: v1.1[0m
[0;32mI (20) boot.esp32: SPI Speed      : 40MHz[0m
[0;32mI (24) boot.esp32: SPI Mode       : DIO[0m
[0;32mI (29) boot.esp32: SPI Flash Size : 2MB[0m
[0;32mI (33) boot: Enabling RNG early entropy source...[0m
[0;32mI (39) boot: Partition Table:[0m
[0;32mI (42) boot: ## Label            Usage          Type ST Offset   Length[0m
[0;32mI (50) boot:  0 nvs              WiFi data        01 02 00009000 00006000[0m
[0;32mI (57) boot:  1 phy_init         RF data          01 01 0000f000 00001000[0m
[0;32mI (65) boot:  2 factory          factory app      00 00 00010000 00100000[0m
[0;32mI (72) boot: End of partition table[0m
[0;32mI (76) esp_image: segment 0: paddr=00010020 vaddr=3f400020 size=12c64h ( 76900) map[0m
[0;32mI (111) esp_image: segment 1: paddr=00022c8c vaddr=3ffb0000 size=02444h (  9284) load[0m
[0;32mI (115) esp_image: segment 2: paddr=000250d8 vaddr=40080000 size=0af40h ( 44864) load[0m
[0;32mI (135) esp_image: segment 3: paddr=00030020 vaddr=400d0020 size=40c54h (265300) map[0m
[0;32mI (226) esp_image: segment 4: paddr=00070c7c vaddr=4008af40 size=03cb0h ( 15536) load[0m
[0;32mI (239) boot: Loaded app from partition at offset 0x10000[0m
[0;32mI (240) boot: Disabling RNG early entropy source...[0m
[0;32mI (251) cpu_start: Multicore app[0m
[0;32mI (260) cpu_start: Pro cpu start user code[0m
[0;32mI (260) cpu_start: cpu freq: 160000000 Hz[0m
[0;32mI (260) cpu_start: Application information:[0m
[0;32mI (263) cpu_start: Project name:     desktopscreen[0m
[0;32mI (269) cpu_start: App version:      e0787dc-dirty[0m
[0;32mI (274) cpu_start: Compile time:     Jan  9 2025 22:05:50[0m
[0;32mI (280) cpu_start: ELF file SHA256:  d38c85ae8...[0m
[0;32mI (286) cpu_start: ESP-IDF:          v5.2.3[0m
[0;32mI (291) cpu_start: Min chip rev:     v0.0[0m
[0;32mI (295) cpu_start: Max chip rev:     v3.99 [0m
[0;32mI (300) cpu_start: Chip rev:         v1.1[0m
[0;32mI (305) heap_init: Initializing. RAM available for dynamic allocation:[0m
[0;32mI (312) heap_init: At 3FFAE6E0 len 00001920 (6 KiB): DRAM[0m
[0;32mI (318) heap_init: At 3FFBB1F0 len 00024E10 (147 KiB): DRAM[0m
[0;32mI (324) heap_init: At 3FFE0440 len 00003AE0 (14 KiB): D/IRAM[0m
[0;32mI (331) heap_init: At 3FFE4350 len 0001BCB0 (111 KiB): D/IRAM[0m
[0;32mI (337) heap_init: At 4008EBF0 len 00011410 (69 KiB): IRAM[0m
[0;32mI (345) spi_flash: detected chip: generic[0m
[0;32mI (348) spi_flash: flash io: dio[0m
[0;33mW (352) spi_flash: Detected size(4096k) larger than the size in the binary image header(2048k). Using the size in the binary image header.[0m
[0;32mI (366) main_task: Started on CPU0[0m
[0;32mI (376) main_task: Calling app_main()[0m
[0;32mI (376) gpio: GPIO[27]| InputEn: 0| OutputEn: 1| OpenDrain: 0| Pullup: 0| Pulldown: 0| Intr:0 [0m
[0;32mI (376) gpio: GPIO[14]| InputEn: 0| OutputEn: 1| OpenDrain: 0| Pullup: 0| Pulldown: 0| Intr:0 [0m
[0;32mI (386) gpio: GPIO[12]| InputEn: 0| OutputEn: 1| OpenDrain: 0| Pullup: 0| Pulldown: 0| Intr:0 [0m
[0;32mI (396) gpio: GPIO[13]| InputEn: 1| OutputEn: 0| OpenDrain: 0| Pullup: 1| Pulldown: 0| Intr:2 [0m
[0;32mI (406) gpio: GPIO[14]| InputEn: 0| OutputEn: 1| OpenDrain: 0| Pullup: 0| Pulldown: 0| Intr:0 [0m
[0;31mE (416) lcd_panel: esp_lcd_panel_reset(15): invalid panel handle[0m
ESP_ERROR_CHECK failed: esp_err_t 0x102 (ESP_ERR_INVALID_ARG) at 0x400d6569
file: "/IDF/desktopscreen/main/src/ds_spi.c" line 176
func: epd_init
expression: esp_lcd_panel_reset(panel_handle)

abort() was called at PC 0x40086b47 on core 0


Backtrace: 0x40081812:0x3ffbd330 0x40086b51:0x3ffbd350 0x4008d535:0x3ffbd370 0x40086b47:0x3ffbd3e0 0x400d6569:0x3ffbd410 0x400d63fe:0x3ffbd480 0x4011040b:0x3ffbd4f0 0x400875e5:0x3ffbd520




ELF file SHA256: d38c85ae8

Rebooting...
[0;32mI (13) boot: ESP-IDF v5.2.3 2nd stage bootloader[0m
[0;32mI (13) boot: compile time Jan  3 2025 23:59:22[0m
[0;32mI (13) boot: Multicore bootloader[0m
[0;32mI (16) boot: chip revision: v1.1[0m
[0;32mI (20) boot.esp32: SPI Speed      : 40MHz[0m
[0;32mI (24) boot.esp32: SPI Mode       : DIO[0m
[0;32mI (29) boot.esp32: SPI Flash Size : 2MB[0m
[0;32mI (33) boot: Enabling RNG early entropy source...[0m
[0;32mI (39) boot: Partition Table:[0m
[0;32mI (42) boot: ## Label            Usage          Type ST Offset   Length[0m
[0;32mI (50) boot:  0 nvs              WiFi data        01 02 00009000 00006000[0m
[0;32mI (57) boot:  1 phy_init         RF data          01 01 0000f000 00001000[0m
[0;32mI (65) boot:  2 factory          factory app      00 00 00010000 00100000[0m
[0;32mI (72) boot: End of partition table[0m
[0;32mI (76) esp_image: segment 0: paddr=00010020 vaddr=3f400020 size=12c64h ( 76900) map[0m
[0;32mI (111) esp_image: segment 1: paddr=00022c8c vaddr=3ffb0000 size=02444h (  9284) load[0m
[0;32mI (115) esp_image: segment 2: paddr=000250d8 vaddr=40080000 size=0af40h ( 44864) load[0m
[0;32mI (135) esp_image: segment 3: paddr=00030020 vaddr=400d0020 size=40c54h (265300) map[0m
[0;32mI (226) esp_image: segment 4: paddr=00070c7c vaddr=4008af40 size=03cb0h ( 15536) load[0m
[0;32mI (239) boot: Loaded app from partition at offset 0x10000[0m
[0;32mI (240) boot: Disabling RNG early entropy source...[0m
[0;32mI (251) cpu_start: Multicore app[0m
[0;32mI (260) cpu_start: Pro cpu start user code[0m
[0;32mI (260) cpu_start: cpu freq: 160000000 Hz[0m
[0;32mI (260) cpu_start: Application information:[0m
[0;32mI (263) cpu_start: Project name:     desktopscreen[0m
[0;32mI (269) cpu_start: App version:      e0787dc-dirty[0m
[0;32mI (274) cpu_start: Compile time:     Jan  9 2025 22:05:50[0m
[0;32mI (280) cpu_start: ELF file SHA256:  d38c85ae8...[0m
[0;32mI (286) cpu_start: ESP-IDF:          v5.2.3[0m
[0;32mI (291) cpu_start: Min chip rev:     v0.0[0m
[0;32mI (295) cpu_start: Max chip rev:     v3.99 [0m
[0;32mI (300) cpu_start: Chip rev:         v1.1[0m
[0;32mI (305) heap_init: Initializing. RAM available for dynamic allocation:[0m
[0;32mI (312) heap_init: At 3FFAE6E0 len 00001920 (6 KiB): DRAM[0m
[0;32mI (318) heap_init: At 3FFBB1F0 len 00024E10 (147 KiB): DRAM[0m
[0;32mI (324) heap_init: At 3FFE0440 len 00003AE0 (14 KiB): D/IRAM[0m
[0;32mI (331) heap_init: At 3FFE4350 len 0001BCB0 (111 KiB): D/IRAM[0m
[0;32mI (337) heap_init: At 4008EBF0 len 00011410 (69 KiB): IRAM[0m
[0;32mI (345) spi_flash: detected chip: generic[0m
[0;32mI (348) spi_flash: flash io: dio[0m
[0;33mW (352) spi_flash: Detected size(4096k) larger than the size in the binary image header(2048k). Using the size in the binary image header.[0m
[0;32mI (366) main_task: Started on CPU0[0m
[0;32mI (376) main_task: Calling app_main()[0m
[0;32mI (376) gpio: GPIO[27]| InputEn: 0| OutputEn: 1| OpenDrain: 0| Pullup: 0| Pulldown: 0| Intr:0 [0m
[0;32mI (376) gpio: GPIO[14]| InputEn: 0| OutputEn: 1| OpenDrain: 0| Pullup: 0| Pulldown: 0| Intr:0 [0m
[0;32mI (386) gpio: GPIO[12]| InputEn: 0| OutputEn: 1| OpenDrain: 0| Pullup: 0| Pulldown: 0| Intr:0 [0m
[0;32mI (396) gpio: GPIO[13]| InputEn: 1| OutputEn: 0| OpenDrain: 0| Pullup: 1| Pulldown: 0| Intr:2 [0m
[0;32mI (406) gpio: GPIO[14]| InputEn: 0| OutputEn: 1| OpenDrain: 0| Pullup: 0| Pulldown: 0| Intr:0 [0m
[0;31mE (416) lcd_panel: esp_lcd_panel_reset(15): invalid panel handle[0m
ESP_ERROR_CHECK failed: esp_err_t 0x102 (ESP_ERR_INVALID_ARG) at 0x400d6569
file: "/IDF/desktopscreen/main/src/ds_spi.c" line 176
func: epd_init
expression: esp_lcd_panel_reset(panel_handle)

abort() was called at PC 0x40086b47 on core 0


Backtrace: 0x40081812:0x3ffbd330 0x40086b51:0x3ffbd350 0x4008d535:0x3ffbd370 0x40086b47:0x3ffbd3e0 0x400d6569:0x3ffbd410 0x400d63fe:0x3ffbd480 0x4011040b:0x3ffbd4f0 0x400875e5:0x3ffbd520




ELF file SHA256: d38c85ae8

Rebooting...
[0;32mI (13) boot: ESP-IDF v5.2.3 2nd stage bootloader[0m
[0;32mI (13) boot: compile time Jan  3 2025 23:59:22[0m
[0;32mI (13) boot: Multicore bootloader[0m
[0;32mI (16) boot: chip revision: v1.1[0m
[0;32mI (20) boot.esp32: SPI Speed      : 40MHz[0m
[0;32mI (24) boot.esp32: SPI Mode       : DIO[0m
[0;32mI (29) boot.esp32: SPI Flash Size : 2MB[0m
[0;32mI (33) boot: Enabling RNG early entropy source...[0m
[0;32mI (39) boot: Partition Table:[0m
[0;32mI (42) boot: ## Label            Usage          Type ST Offset   Length[0m
[0;32mI (50) boot:  0 nvs              WiFi data        01 02 00009000 00006000[0m
[0;32mI (57) boot:  1 phy_init         RF data          01 01 0000f000 00001000[0m
[0;32mI (65) boot:  2 factory          factory app      00 00 00010000 00100000[0m
[0;32mI (72) boot: End of partition table[0m
[0;32mI (76) esp_image: segment 0: paddr=00010020 vaddr=3f400020 size=12c64h ( 76900) map[0m
[0;32mI (111) esp_image: segment 1: paddr=00022c8c vaddr=3ffb0000 size=02444h (  9284) load[0m
[0;32mI (115) esp_image: segment 2: paddr=000250d8 vaddr=40080000 size=0af40h ( 44864) load[0m
[0;32mI (135) esp_image: segment 3: paddr=00030020 vaddr=400d0020 size=40c54h (265300) map[0m
[0;32mI (226) esp_image: segment 4: paddr=00070c7c vaddr=4008af40 size=03cb0h ( 15536) load[0m
[0;32mI (239) boot: Loaded app from partition at offset 0x10000[0m
[0;32mI (240) boot: Disabling RNG early entropy source...[0m
[0;32mI (251) cpu_start: Multicore app[0m
[0;32mI (260) cpu_start: Pro cpu start user code[0m
[0;32mI (260) cpu_start: cpu freq: 160000000 Hz[0m
[0;32mI (260) cpu_start: Application information:[0m
[0;32mI (263) cpu_start: Project name:     desktopscreen[0m
[0;32mI (269) cpu_start: App version:      e0787dc-dirty[0m
[0;32mI (274) cpu_start: Compile time:     Jan  9 2025 22:05:50[0m
[0;32mI (280) cpu_start: ELF file SHA256:  d38c85ae8...[0m
[0;32mI (286) cpu_start: ESP-IDF:          v5.2.3[0m
[0;32mI (291) cpu_start: Min chip rev:     v0.0[0m
[0;32mI (295) cpu_start: Max chip rev:     v3.99 [0m
[0;32mI (300) cpu_start: Chip rev:         v1.1[0m
[0;32mI (305) heap_init: Initializing. RAM available for dynamic allocation:[0m
[0;32mI (312) heap_init: At 3FFAE6E0 len 00001920 (6 KiB): DRAM[0m
[0;32mI (318) heap_init: At 3FFBB1F0 len 00024E10 (147 KiB): DRAM[0m
[0;32mI (324) heap_init: At 3FFE0440 len 00003AE0 (14 KiB): D/IRAM[0m
[0;32mI (331) heap_init: At 3FFE4350 len 0001BCB0 (111 KiB): D/IRAM[0m
[0;32mI (337) heap_init: At 4008EBF0 len 00011410 (69 KiB): IRAM[0m
[0;32mI (345) spi_flash: detected chip: generic[0m
[0;32mI (348) spi_flash: flash io: dio[0m
[0;33mW (352) spi_flash: Detected size(4096k) larger than the size in the binary image header(2048k). Using the size in the binary image header.[0m
[0;32mI (366) main_task: Started on CPU0[0m
[0;32mI (376) main_task: Calling app_main()[0m
[0;32mI (376) gpio: GPIO[27]| InputEn: 0| OutputEn: 1| OpenDrain: 0| Pullup: 0| Pulldown: 0| Intr:0 [0m
[0;32mI (376) gpio: GPIO[14]| InputEn: 0| OutputEn: 1| OpenDrain: 0| Pullup: 0| Pulldown: 0| Intr:0 [0m
[0;32mI (386) gpio: GPIO[12]| InputEn: 0| OutputEn: 1| OpenDrain: 0| Pullup: 0| Pulldown: 0| Intr:0 [0m
[0;32mI (396) gpio: GPIO[13]| InputEn: 1| OutputEn: 0| OpenDrain: 0| Pullup: 1| Pulldown: 0| Intr:2 [0m
[0;32mI (406) gpio: GPIO[14]| InputEn: 0| OutputEn: 1| OpenDrain: 0| Pullup: 0| Pulldown: 0| Intr:0 [0m
[0;31mE (416) lcd_panel: esp_lcd_panel_reset(15): invalid panel handle[0m
ESP_ERROR_CHECK failed: esp_err_t 0x102 (ESP_ERR_INVALID_ARG) at 0x400d6569
file: "/IDF/desktopscreen/main/src/ds_spi.c" line 176
func: epd_init
expression: esp_lcd_panel_reset(panel_handle)

abort() was called at PC 0x40086b47 on core 0


Backtrace: 0x40081812:0x3ffbd330 0x40086b51:0x3ffbd350 0x4008d535:0x3ffbd370 0x40086b47:0x3ffbd3e0 0x400d6569:0x3ffbd410 0x400d63fe:0x3ffbd480 0x4011040b:0x3ffbd4f0 0x400875e5:0x3ffbd520




ELF file SHA256: d38c85ae8

Rebooting...
[0;32mI (13) boot: ESP-IDF v5.2.3 2nd stage bootloader[0m
[0;32mI (13) boot: compile time Jan  3 2025 23:59:22[0m
[0;32mI (13) boot: Multicore bootloader[0m
[0;32mI (16) boot: chip revision: v1.1[0m
[0;32mI (20) boot.esp32: SPI Speed      : 40MHz[0m
[0;32mI (24) boot.esp32: SPI Mode       : DIO[0m
[0;32mI (29) boot.esp32: SPI Flash Size : 2MB[0m
[0;32mI (33) boot: Enabling RNG early entropy source...[0m
[0;32mI (39) boot: Partition Table:[0m
[0;32mI (42) boot: ## Label            Usage          Type ST Offset   Length[0m
[0;32mI (50) boot:  0 nvs              WiFi data        01 02 00009000 00006000[0m
[0;32mI (57) boot:  1 phy_init         RF data          01 01 0000f000 00001000[0m
[0;32mI (65) boot:  2 factory          factory app      00 00 00010000 00100000[0m
[0;32mI (72) boot: End of partition table[0m
[0;32mI (76) esp_image: segment 0: paddr=00010020 vaddr=3f400020 size=12c64h ( 76900) map[0m
[0;32mI (111) esp_image: segment 1: paddr=00022c8c vaddr=3ffb0000 size=02444h (  9284) load[0m
[0;32mI (115) esp_image: segment 2: paddr=000250d8 vaddr=40080000 size=0af40h ( 44864) load[0m
[0;32mI (135) esp_image: segment 3: paddr=00030020 vaddr=400d0020 size=40c54h (265300) map[0m
[0;32mI (226) esp_image: segment 4: paddr=00070c7c vaddr=4008af40 size=03cb0h ( 15536) load[0m
[0;32mI (239) boot: Loaded app from partition at offset 0x10000[0m
[0;32mI (240) boot: Disabling RNG early entropy source...[0m
[0;32mI (251) cpu_start: Multicore app[0m
[0;32mI (260) cpu_start: Pro cpu start user code[0m
[0;32mI (260) cpu_start: cpu freq: 160000000 Hz[0m
[0;32mI (260) cpu_start: Application information:[0m
[0;32mI (263) cpu_start: Project name:     desktopscreen[0m
[0;32mI (269) cpu_start: App version:      e0787dc-dirty[0m
[0;32mI (274) cpu_start: Compile time:     Jan  9 2025 22:05:50[0m
[0;32mI (280) cpu_start: ELF file SHA256:  d38c85ae8...[0m
[0;32mI (286) cpu_start: ESP-IDF:          v5.2.3[0m
[0;32mI (291) cpu_start: Min chip rev:     v0.0[0m
[0;32mI (295) cpu_start: Max chip rev:     v3.99 [0m
[0;32mI (300) cpu_start: Chip rev:         v1.1[0m
[0;32mI (305) heap_init: Initializing. RAM available for dynamic allocation:[0m
[0;32mI (312) heap_init: At 3FFAE6E0 len 00001920 (6 KiB): DRAM[0m
[0;32mI (318) heap_init: At 3FFBB1F0 len 00024E10 (147 KiB): DRAM[0m
[0;32mI (324) heap_init: At 3FFE0440 len 00003AE0 (14 KiB): D/IRAM[0m
[0;32mI (331) heap_init: At 3FFE4350 len 0001BCB0 (111 KiB): D/IRAM[0m
[0;32mI (337) heap_init: At 4008EBF0 len 00011410 (69 KiB): IRAM[0m
[0;32mI (345) spi_flash: detected chip: generic[0m
[0;32mI (348) spi_flash: flash io: dio[0m
[0;33mW (352) spi_flash: Detected size(4096k) larger than the size in the binary image header(2048k). Using the size in the binary image header.[0m
[0;32mI (366) main_task: Started on CPU0[0m
[0;32mI (376) main_task: Calling app_main()[0m
[0;32mI (376) gpio: GPIO[27]| InputEn: 0| OutputEn: 1| OpenDrain: 0| Pullup: 0| Pulldown: 0| Intr:0 [0m
[0;32mI (376) gpio: GPIO[14]| InputEn: 0| OutputEn: 1| OpenDrain: 0| Pullup: 0| Pulldown: 0| Intr:0 [0m
[0;32mI (386) gpio: GPIO[12]| InputEn: 0| OutputEn: 1| OpenDrain: 0| Pullup: 0| Pulldown: 0| Intr:0 [0m
[0;32mI (396) gpio: GPIO[13]| InputEn: 1| OutputEn: 0| OpenDrain: 0| Pullup: 1| Pulldown: 0| Intr:2 [0m
[0;32mI (406) gpio: GPIO[14]| InputEn: 0| OutputEn: 1| OpenDrain: 0| Pullup: 0| Pulldown: 0| Intr:0 [0m
[0;31mE (416) lcd_panel: esp_lcd_panel_reset(15): invalid panel handle[0m
ESP_ERROR_CHECK failed: esp_err_t 0x102 (ESP_ERR_INVALID_ARG) at 0x400d6569
file: "/IDF/desktopscreen/main/src/ds_spi.c" line 176
func: epd_init
expression: esp_lcd_panel_reset(panel_handle)

abort() was called at PC 0x40086b47 on core 0


Backtrace: 0x40081812:0x3ffbd330 0x40086b51:0x3ffbd350 0x4008d535:0x3ffbd370 0x40086b47:0x3ffbd3e0 0x400d6569:0x3ffbd410 0x400d63fe:0x3ffbd480 0x4011040b:0x3ffbd4f0 0x400875e5:0x3ffbd520




ELF file SHA256: d38c85ae8

Rebooting...
[0;32mI (13) boot: ESP-IDF v5.2.3 2nd stage bootloader[0m
[0;32mI (13) boot: compile time Jan  3 2025 23:59:22[0m
[0;32mI (13) boot: Multicore bootloader[0m
[0;32mI (16) boot: chip revision: v1.1[0m
[0;32mI (20) boot.esp32: SPI Speed      : 40MHz[0m
[0;32mI (24) boot.esp32: SPI Mode       : DIO[0m
[0;32mI (29) boot.esp32: SPI Flash Size : 2MB[0m
[0;32mI (33) boot: Enabling RNG early entropy source...[0m
[0;32mI (39) boot: Partition Table:[0m
[0;32mI (42) boot: ## Label            Usage          Type ST Offset   Length[0m
[0;32mI (50) boot:  0 nvs              WiFi data        01 02 00009000 00006000[0m
[0;32mI (57) boot:  1 phy_init         RF data          01 01 0000f000 00001000[0m
[0;32mI (65) boot:  2 factory          factory app      00 00 00010000 00100000[0m
[0;32mI (72) boot: End of partition table[0m
[0;32mI (76) esp_image: segment 0: paddr=00010020 vaddr=3f400020 size=12c64h ( 76900) map[0m
[0;32mI (111) esp_image: segment 1: paddr=00022c8c vaddr=3ffb0000 size=02444h (  9284) load[0m
[0;32mI (115) esp_image: segment 2: paddr=000250d8 vaddr=40080000 size=0af40h ( 44864) load[0m
[0;32mI (135) esp_image: segment 3: paddr=00030020 vaddr=400d0020 size=40c54h (265300) map[0m
[0;32mI (226) esp_image: segment 4: paddr=00070c7c vaddr=4008af40 size=03cb0h ( 15536) load[0m
[0;32mI (239) boot: Loaded app from partition at offset 0x10000[0m
[0;32mI (240) boot: Disabling RNG early entropy source...[0m
[0;32mI (251) cpu_start: Multicore app[0m
[0;32mI (260) cpu_start: Pro cpu start user code[0m
[0;32mI (260) cpu_start: cpu freq: 160000000 Hz[0m
[0;32mI (260) cpu_start: Application information:[0m
[0;32mI (263) cpu_start: Project name:     desktopscreen[0m
[0;32mI (269) cpu_start: App version:      e0787dc-dirty[0m
[0;32mI (274) cpu_start: Compile time:     Jan  9 2025 22:05:50[0m
[0;32mI (280) cpu_start: ELF file SHA256:  d38c85ae8...[0m
[0;32mI (286) cpu_start: ESP-IDF:          v5.2.3[0m
[0;32mI (291) cpu_start: Min chip rev:     v0.0[0m
[0;32mI (295) cpu_start: Max chip rev:     v3.99 [0m
[0;32mI (300) cpu_start: Chip rev:         v1.1[0m
[0;32mI (305) heap_init: Initializing. RAM available for dynamic allocation:[0m
[0;32mI (312) heap_init: At 3FFAE6E0 len 00001920 (6 KiB): DRAM[0m
[0;32mI (318) heap_init: At 3FFBB1F0 len 00024E10 (147 KiB): DRAM[0m
[0;32mI (324) heap_init: At 3FFE0440 len 00003AE0 (14 KiB): D/IRAM[0m
[0;32mI (331) heap_init: At 3FFE4350 len 0001BCB0 (111 KiB): D/IRAM[0m
[0;32mI (337) heap_init: At 4008EBF0 len 00011410 (69 KiB): IRAM[0m
[0;32mI (345) spi_flash: detected chip: generic[0m
[0;32mI (348) spi_flash: flash io: dio[0m
[0;33mW (352) spi_flash: Detected size(4096k) larger than the size in the binary image header(2048k). Using the size in the binary image header.[0m
[0;32mI (366) main_task: Started on CPU0[0m
[0;32mI (376) main_task: Calling app_main()[0m
[0;32mI (376) gpio: GPIO[27]| InputEn: 0| OutputEn: 1| OpenDrain: 0| Pullup: 0| Pulldown: 0| Intr:0 [0m
[0;32mI (376) gpio: GPIO[14]| InputEn: 0| OutputEn: 1| OpenDrain: 0| Pullup: 0| Pulldown: 0| Intr:0 [0m
[0;32mI (386) gpio: GPIO[12]| InputEn: 0| OutputEn: 1| OpenDrain: 0| Pullup: 0| Pulldown: 0| Intr:0 [0m
[0;32mI (396) gpio: GPIO[13]| InputEn: 1| OutputEn: 0| OpenDrain: 0| Pullup: 1| Pulldown: 0| Intr:2 [0m
[0;32mI (406) gpio: GPIO[14]| InputEn: 0| OutputEn: 1| OpenDrain: 0| Pullup: 0| Pulldown: 0| Intr:0 [0m
[0;31mE (416) lcd_panel: esp_lcd_panel_reset(15): invalid panel handle[0m
ESP_ERROR_CHECK failed: esp_err_t 0x102 (ESP_ERR_INVALID_ARG) at 0x400d6569
file: "/IDF/desktopscreen/main/src/ds_spi.c" line 176
func: epd_init
expression: esp_lcd_panel_reset(panel_handle)

abort() was called at PC 0x40086b47 on core 0


Backtrace: 0x40081812:0x3ffbd330 0x40086b51:0x3ffbd350 0x4008d535:0x3ffbd370 0x40086b47:0x3ffbd3e0 0x400d6569:0x3ffbd410 0x400d63fe:0x3ffbd480 0x4011040b:0x3ffbd4f0 0x400875e5:0x3ffbd520




ELF file SHA256: d38c85ae8

Rebooting...
[0;32mI (13) boot: ESP-IDF v5.2.3 2nd stage bootloader[0m
[0;32mI (13) boot: compile time Jan  3 2025 23:59:22[0m
[0;32mI (13) boot: Multicore bootloader[0m
[0;32mI (16) boot: chip revision: v1.1[0m
[0;32mI (20) boot.esp32: SPI Speed      : 40MHz[0m
[0;32mI (24) boot.esp32: SPI Mode       : DIO[0m
[0;32mI (29) boot.esp32: SPI Flash Size : 2MB[0m
[0;32mI (33) boot: Enabling RNG early entropy source...[0m
[0;32mI (39) boot: Partition Table:[0m
[0;32mI (42) boot: ## Label            Usage          Type ST Offset   Length[0m
[0;32mI (50) boot:  0 nvs              WiFi data        01 02 00009000 00006000[0m
[0;32mI (57) boot:  1 phy_init         RF data          01 01 0000f000 00001000[0m
[0;32mI (65) boot:  2 factory          factory app      00 00 00010000 00100000[0m
[0;32mI (72) boot: End of partition table[0m
[0;32mI (76) esp_image: segment 0: paddr=00010020 vaddr=3f400020 size=12c64h ( 76900) map[0m
[0;32mI (111) esp_image: segment 1: paddr=00022c8c vaddr=3ffb0000 size=02444h (  9284) load[0m
[0;32mI (115) esp_image: segment 2: paddr=000250d8 vaddr=40080000 size=0af40h ( 44864) load[0m
[0;32mI (135) esp_image: segment 3: paddr=00030020 vaddr=400d0020 size=40c54h (265300) map[0m
[0;32mI (226) esp_image: segment 4: paddr=00070c7c vaddr=4008af40 size=03cb0h ( 15536) load[0m
[0;32mI (239) boot: Loaded app from partition at offset 0x10000[0m
[0;32mI (240) boot: Disabling RNG early entropy source...[0m
[0;32mI (251) cpu_start: Multicore app[0m
[0;32mI (260) cpu_start: Pro cpu start user code[0m
[0;32mI (260) cpu_start: cpu freq: 160000000 Hz[0m
[0;32mI (260) cpu_start: Application information:[0m
[0;32mI (263) cpu_start: Project name:     desktopscreen[0m
[0;32mI (269) cpu_start: App version:      e0787dc-dirty[0m
[0;32mI (274) cpu_start: Compile time:     Jan  9 2025 22:05:50[0m
[0;32mI (280) cpu_start: ELF file SHA256:  d38c85ae8...[0m
[0;32mI (286) cpu_start: ESP-IDF:          v5.2.3[0m
[0;32mI (291) cpu_start: Min chip rev:     v0.0[0m
[0;32mI (295) cpu_start: Max chip rev:     v3.99 [0m
[0;32mI (300) cpu_start: Chip rev:         v1.1[0m
[0;32mI (305) heap_init: Initializing. RAM available for dynamic allocation:[0m
[0;32mI (312) heap_init: At 3FFAE6E0 len 00001920 (6 KiB): DRAM[0m
[0;32mI (318) heap_init: At 3FFBB1F0 len 00024E10 (147 KiB): DRAM[0m
[0;32mI (324) heap_init: At 3FFE0440 len 00003AE0 (14 KiB): D/IRAM[0m
[0;32mI (331) heap_init: At 3FFE4350 len 0001BCB0 (111 KiB): D/IRAM[0m
[0;32mI (337) heap_init: At 4008EBF0 len 00011410 (69 KiB): IRAM[0m
[0;32mI (345) spi_flash: detected chip: generic[0m
[0;32mI (348) spi_flash: flash io: dio[0m
[0;33mW (352) spi_flash: Detected size(4096k) larger than the size in the binary image header(2048k). Using the size in the binary image header.[0m
[0;32mI (366) main_task: Started on CPU0[0m
[0;32mI (376) main_task: Calling app_main()[0m
[0;32mI (376) gpio: GPIO[27]| InputEn: 0| OutputEn: 1| OpenDrain: 0| Pullup: 0| Pulldown: 0| Intr:0 [0m
[0;32mI (376) gpio: GPIO[14]| InputEn: 0| OutputEn: 1| OpenDrain: 0| Pullup: 0| Pulldown: 0| Intr:0 [0m
[0;32mI (386) gpio: GPIO[12]| InputEn: 0| OutputEn: 1| OpenDrain: 0| Pullup: 0| Pulldown: 0| Intr:0 [0m
[0;32mI (396) gpio: GPIO[13]| InputEn: 1| OutputEn: 0| OpenDrain: 0| Pullup: 1| Pulldown: 0| Intr:2 [0m
[0;32mI (406) gpio: GPIO[14]| InputEn: 0| OutputEn: 1| OpenDrain: 0| Pullup: 0| Pulldown: 0| Intr:0 [0m
[0;31mE (416) lcd_panel: esp_lcd_panel_reset(15): invalid panel handle[0m
ESP_ERROR_CHECK failed: esp_err_t 0x102 (ESP_ERR_INVALID_ARG) at 0x400d6569
file: "/IDF/desktopscreen/main/src/ds_spi.c" line 176
func: epd_init
expression: esp_lcd_panel_reset(panel_handle)

abort() was called at PC 0x40086b47 on core 0


Backtrace: 0x40081812:0x3ffbd330 0x40086b51:0x3ffbd350 0x4008d535:0x3ffbd370 0x40086b47:0x3ffbd3e0 0x400d6569:0x3ffbd410 0x400d63fe:0x3ffbd480 0x4011040b:0x3ffbd4f0 0x400875e5:0x3ffbd520




ELF file SHA256: d38c85ae8

Rebooting...
[0;32mI (13) boot: ESP-IDF v5.2.3 2nd stage bootloader[0m
